============================================================
  RATEMDS OVERNIGHT SCRAPER
  DB: ratemds_test.db (webmd.db untouched)
============================================================

[PHASE 1] Discovering profile URLs from listing pages...

  psychiatrist/chicago p1: +11 urls (total=11)
  psychiatrist/chicago p2: +10 urls (total=21)
  psychiatrist/chicago p3: +10 urls (total=31)
  psychiatrist/chicago p4: +10 urls (total=41)
  psychiatrist/chicago p5: +11 urls (total=52)
  psychiatrist/chicago p6: +10 urls (total=62)
  psychiatrist/chicago p7: +10 urls (total=72)
  psychiatrist/chicago p8: +10 urls (total=82)
  psychiatrist/chicago p9: +10 urls (total=92)
  psychiatrist/chicago p10: +9 urls (total=101)
  psychiatrist/chicago p11: +10 urls (total=111)
  psychiatrist/chicago p12: +10 urls (total=121)
  psychiatrist/chicago p13: +10 urls (total=131)
  psychiatrist/chicago p14: +10 urls (total=141)
  psychiatrist/chicago p15: +10 urls (total=151)
  psychiatrist/chicago p16: +10 urls (total=161)
  psychiatrist/chicago p17: +10 urls (total=171)
  psychiatrist/chicago p18: +10 urls (total=181)
  psychiatrist/chicago p19: +10 urls (total=191)
  psychiatrist/chicago p20: +10 urls (total=201)
  psychiatrist/chicago p21: +10 urls (total=211)
  psychiatrist/chicago p22: +10 urls (total=221)
  psychiatrist/chicago p23: +10 urls (total=231)
  psychiatrist/chicago p24: +10 urls (total=241)
  psychiatrist/chicago p25: +10 urls (total=251)
  psychiatrist/chicago p26: +10 urls (total=261)
  psychiatrist/chicago p27: +10 urls (total=271)
  psychiatrist/chicago p28: +10 urls (total=281)
  psychiatrist/chicago p29: +10 urls (total=291)
  psychiatrist/chicago p30: +10 urls (total=301)
  psychiatrist/chicago p31: +10 urls (total=311)
  psychiatrist/chicago p32: +10 urls (total=321)
  psychiatrist/chicago p33: +10 urls (total=331)
  psychiatrist/chicago p34: +10 urls (total=341)
  psychiatrist/chicago p35: +10 urls (total=351)
  psychiatrist/chicago p36: +10 urls (total=361)
  psychiatrist/chicago p37: +10 urls (total=371)
  psychiatrist/chicago p38: +10 urls (total=381)
  psychiatrist/chicago p39: +10 urls (total=391)
  psychiatrist/chicago p40: +10 urls (total=401)
  psychiatrist/chicago p41: +10 urls (total=411)
  psychiatrist/chicago p42: +10 urls (total=421)
  psychiatrist/chicago p43: +10 urls (total=431)
  psychiatrist/chicago p44: +10 urls (total=441)
  psychiatrist/chicago p45: +10 urls (total=451)
  psychiatrist/chicago p46: +10 urls (total=461)
  psychiatrist/chicago p47: +10 urls (total=471)
  psychiatrist/chicago p48: +10 urls (total=481)
  psychiatrist/chicago p49: +10 urls (total=491)
  psychiatrist/chicago p50: +10 urls (total=501)
    [ERR] https://www.ratemds.com/best-doctors/il/chicago/psychiatrist/?page=51: HTTPSConnectionPool(host='www.ratemds.com', port=443): Read timed out. (read timeout=30) (attempt 1)
  psychiatrist/chicago p51: +10 urls (total=511)
  psychiatrist/chicago p52: +10 urls (total=521)
  psychiatrist/chicago p53: +10 urls (total=531)
  psychiatrist/chicago p54: +10 urls (total=541)
  psychiatrist/chicago p55: +10 urls (total=551)
  psychiatrist/chicago p56: +10 urls (total=561)
  psychiatrist/chicago p57: +10 urls (total=571)
  psychiatrist/chicago p58: +10 urls (total=581)
  psychiatrist/chicago p59: +10 urls (total=591)
  psychiatrist/chicago p60: +10 urls (total=601)
  psychiatrist/chicago p61: +10 urls (total=611)
  psychiatrist/chicago p62: +10 urls (total=621)
  psychiatrist/chicago p63: +10 urls (total=631)
  psychiatrist/chicago p64: +10 urls (total=641)
  psychiatrist/chicago p65: +10 urls (total=651)
  psychiatrist/chicago p66: +10 urls (total=661)
  psychiatrist/chicago p67: +10 urls (total=671)
  psychiatrist/chicago p68: +10 urls (total=681)
  psychiatrist/chicago p69: +10 urls (total=691)
  psychiatrist/chicago p70: +10 urls (total=701)
  psychiatrist/chicago p71: +10 urls (total=711)
  psychiatrist/chicago p72: +10 urls (total=721)
  psychiatrist/chicago p73: +10 urls (total=731)
  psychiatrist/chicago p74: +10 urls (total=741)
  psychiatrist/chicago p75: +10 urls (total=751)
  psychiatrist/chicago p76: +10 urls (total=761)
  psychiatrist/chicago p77: +10 urls (total=771)
  psychiatrist/chicago p78: +10 urls (total=781)
  psychiatrist/chicago p79: +10 urls (total=791)
  psychiatrist/chicago p80: +1 urls (total=792)
  psychiatrist/chicago: done (80 pages)
  psychiatrist/springfield p1: +10 urls (total=802)
  psychiatrist/springfield p2: +10 urls (total=812)
  psychiatrist/springfield p3: +10 urls (total=822)
  psychiatrist/springfield p4: +10 urls (total=832)
  psychiatrist/springfield p5: +10 urls (total=842)
  psychiatrist/springfield p6: +10 urls (total=852)
  psychiatrist/springfield p7: +10 urls (total=862)
  psychiatrist/springfield p8: +10 urls (total=872)
  psychiatrist/springfield p9: +10 urls (total=882)
  psychiatrist/springfield p10: +10 urls (total=892)
  psychiatrist/springfield: done (10 pages)
  psychiatrist/rockford p1: +10 urls (total=902)
  psychiatrist/rockford p2: +10 urls (total=912)
  psychiatrist/rockford p3: +10 urls (total=922)
  psychiatrist/rockford p4: +8 urls (total=930)
  psychiatrist/rockford: done (4 pages)
  psychiatrist/naperville p1: +10 urls (total=940)
  psychiatrist/naperville p2: +10 urls (total=950)
  psychiatrist/naperville p3: +10 urls (total=960)
  psychiatrist/naperville p4: +7 urls (total=967)
  psychiatrist/naperville: done (4 pages)
  psychiatrist/aurora p1: +10 urls (total=977)
  psychiatrist/aurora p2: +9 urls (total=986)
  psychiatrist/aurora: done (2 pages)
  psychiatrist/peoria p1: +10 urls (total=996)
  psychiatrist/peoria p2: +10 urls (total=1006)
  psychiatrist/peoria p3: +10 urls (total=1016)
  psychiatrist/peoria p4: +10 urls (total=1026)
  psychiatrist/peoria: done (4 pages)
  psychiatrist/elgin p1: +9 urls (total=1035)
  psychiatrist/elgin p2: +10 urls (total=1045)
  psychiatrist/elgin p3: +3 urls (total=1048)
  psychiatrist/elgin: done (3 pages)
  psychiatrist/joliet p1: +10 urls (total=1058)
  psychiatrist/joliet p2: +6 urls (total=1064)
  psychiatrist/joliet: done (2 pages)
  psychiatrist/waukegan p1: +10 urls (total=1074)
  psychiatrist/waukegan p2: +2 urls (total=1076)
  psychiatrist/waukegan: done (2 pages)
  psychiatrist/champaign p1: +10 urls (total=1086)
  psychiatrist/champaign p2: +9 urls (total=1095)
  psychiatrist/champaign: done (2 pages)
  psychiatrist/bloomington p1: +3 urls (total=1098)
  psychiatrist/bloomington: done (1 pages)
  psychiatrist/decatur p1: +10 urls (total=1108)
  psychiatrist/decatur p2: +1 urls (total=1109)
  psychiatrist/decatur: done (2 pages)
  psychiatrist/schaumburg p1: +9 urls (total=1118)
  psychiatrist/schaumburg p2: +10 urls (total=1128)
  psychiatrist/schaumburg: done (2 pages)
  psychiatrist/evanston p1: +10 urls (total=1138)
  psychiatrist/evanston p2: +10 urls (total=1148)
  psychiatrist/evanston p3: +9 urls (total=1157)
  psychiatrist/evanston p4: +10 urls (total=1167)
  psychiatrist/evanston p5: +10 urls (total=1177)
  psychiatrist/evanston p6: +2 urls (total=1179)
  psychiatrist/evanston: done (6 pages)
  psychiatrist/skokie p1: +9 urls (total=1188)
  psychiatrist/skokie p2: +10 urls (total=1198)
  psychiatrist/skokie p3: +10 urls (total=1208)
  psychiatrist/skokie p4: +9 urls (total=1217)
  psychiatrist/skokie: done (4 pages)
  psychiatrist/oak-park p1: +9 urls (total=1226)
  psychiatrist/oak-park p2: +10 urls (total=1236)
  psychiatrist/oak-park p3: +1 urls (total=1237)
  psychiatrist/oak-park: done (3 pages)
  psychiatrist/arlington-heights p1: +10 urls (total=1247)
  psychiatrist/arlington-heights p2: +10 urls (total=1257)
  psychiatrist/arlington-heights p3: +3 urls (total=1260)
  psychiatrist/arlington-heights: done (3 pages)
  psychiatrist/bolingbrook p1: +1 urls (total=1261)
  psychiatrist/bolingbrook: done (1 pages)
  psychiatrist/palatine p1: +2 urls (total=1263)
  psychiatrist/palatine: done (1 pages)
    [404] https://www.ratemds.com/best-doctors/il/round-lake-beach/psychiatrist/?page=2 (attempt 1)
    [404] https://www.ratemds.com/best-doctors/il/round-lake-beach/psychiatrist/?page=2 (attempt 2)
    [404] https://www.ratemds.com/best-doctors/il/round-lake-beach/psychiatrist/?page=2 (attempt 3)
  psychiatrist/tinley-park p1: +8 urls (total=1271)
  psychiatrist/tinley-park: done (1 pages)
  psychiatrist/orland-park p1: +10 urls (total=1281)
  psychiatrist/orland-park p2: +6 urls (total=1287)
  psychiatrist/orland-park: done (2 pages)
  psychiatrist/normal p1: +10 urls (total=1297)
  psychiatrist/normal: done (1 pages)
  psychiatrist/berwyn p1: +8 urls (total=1305)
  psychiatrist/berwyn: done (1 pages)
  psychiatrist/downers-grove p1: +10 urls (total=1315)
    [ERR] https://www.ratemds.com/best-doctors/il/downers-grove/psychiatrist/?page=2: HTTPSConnectionPool(host='www.ratemds.com', port=443): Read timed out. (read timeout=30) (attempt 1)
    [ERR] https://www.ratemds.com/best-doctors/il/downers-grove/psychiatrist/?page=2: HTTPSConnectionPool(host='www.ratemds.com', port=443): Read timed out. (read timeout=30) (attempt 2)
    [ERR] https://www.ratemds.com/best-doctors/il/downers-grove/psychiatrist/?page=2: HTTPSConnectionPool(host='www.ratemds.com', port=443): Read timed out. (read timeout=30) (attempt 3)
    [404] https://www.ratemds.com/best-doctors/il/downers-grove/psychiatrist/?page=3 (attempt 1)
    [404] https://www.ratemds.com/best-doctors/il/downers-grove/psychiatrist/?page=3 (attempt 2)
    [404] https://www.ratemds.com/best-doctors/il/downers-grove/psychiatrist/?page=3 (attempt 3)
  psychiatrist/hoffman-estates p1: +8 urls (total=1323)
    [ERR] https://www.ratemds.com/best-doctors/il/hoffman-estates/psychiatrist/?page=2: HTTPSConnectionPool(host='www.ratemds.com', port=443): Read timed out. (read timeout=30) (attempt 1)
    [ERR] https://www.ratemds.com/best-doctors/il/hoffman-estates/psychiatrist/?page=2: HTTPSConnectionPool(host='www.ratemds.com', port=443): Read timed out. (read timeout=30) (attempt 2)
    [ERR] https://www.ratemds.com/best-doctors/il/hoffman-estates/psychiatrist/?page=2: HTTPSConnectionPool(host='www.ratemds.com', port=443): Read timed out. (read timeout=30) (attempt 3)
  psychiatrist/hoffman-estates p3: +9 urls (total=1332)
  psychiatrist/hoffman-estates: done (3 pages)
  psychiatrist/oak-lawn p1: +2 urls (total=1334)
  psychiatrist/oak-lawn: done (1 pages)
    [ERR] https://www.ratemds.com/best-doctors/il/mount-prospect/psychiatrist/: HTTPSConnectionPool(host='www.ratemds.com', port=443): Read timed out. (read timeout=30) (attempt 1)
  psychiatrist/mount-prospect p1: +3 urls (total=1337)
  psychiatrist/mount-prospect: done (1 pages)
    [ERR] https://www.ratemds.com/best-doctors/il/glenview/psychiatrist/: HTTPSConnectionPool(host='www.ratemds.com', port=443): Read timed out. (read timeout=30) (attempt 1)
  psychiatrist/glenview p1: +9 urls (total=1346)
  psychiatrist/glenview p2: +4 urls (total=1350)
  psychiatrist/glenview: done (2 pages)
  psychiatrist/wheaton p1: +9 urls (total=1359)
  psychiatrist/wheaton p2: +10 urls (total=1369)
  psychiatrist/wheaton p3: +10 urls (total=1379)
  psychiatrist/wheaton p4: +8 urls (total=1387)
  psychiatrist/wheaton: done (4 pages)
  psychologist/chicago p1: +10 urls (total=1397)
  psychologist/chicago p2: +10 urls (total=1407)
  psychologist/chicago p3: +10 urls (total=1417)
  psychologist/chicago p4: +10 urls (total=1427)
  psychologist/chicago p5: +10 urls (total=1437)
  psychologist/chicago p6: +10 urls (total=1447)
  psychologist/chicago p7: +10 urls (total=1457)
  psychologist/chicago p8: +10 urls (total=1467)
  psychologist/chicago p9: +10 urls (total=1477)
  psychologist/chicago p10: +10 urls (total=1487)
  psychologist/chicago p11: +10 urls (total=1497)
  psychologist/chicago p12: +10 urls (total=1507)
  psychologist/chicago p13: +10 urls (total=1517)
  psychologist/chicago p14: +10 urls (total=1527)
  psychologist/chicago p15: +10 urls (total=1537)
  psychologist/chicago p16: +10 urls (total=1547)
  psychologist/chicago p17: +10 urls (total=1557)
  psychologist/chicago p18: +10 urls (total=1567)
  psychologist/chicago p19: +10 urls (total=1577)
  psychologist/chicago p20: +10 urls (total=1587)
  psychologist/chicago p21: +10 urls (total=1597)
  psychologist/chicago p22: +10 urls (total=1607)
  psychologist/chicago p23: +10 urls (total=1617)
  psychologist/chicago p24: +10 urls (total=1627)
  psychologist/chicago p25: +10 urls (total=1637)
  psychologist/chicago p26: +10 urls (total=1647)
  psychologist/chicago p27: +10 urls (total=1657)
  psychologist/chicago p28: +10 urls (total=1667)
  psychologist/chicago p29: +10 urls (total=1677)
  psychologist/chicago p30: +10 urls (total=1687)
  psychologist/chicago p31: +10 urls (total=1697)
  psychologist/chicago p32: +10 urls (total=1707)
  psychologist/chicago p33: +10 urls (total=1717)
  psychologist/chicago p34: +10 urls (total=1727)
  psychologist/chicago p35: +10 urls (total=1737)
  psychologist/chicago p36: +10 urls (total=1747)
  psychologist/chicago p37: +10 urls (total=1757)
  psychologist/chicago p38: +10 urls (total=1767)
  psychologist/chicago p39: +10 urls (total=1777)
  psychologist/chicago p40: +10 urls (total=1787)
  psychologist/chicago p41: +10 urls (total=1797)
  psychologist/chicago p42: +10 urls (total=1807)
  psychologist/chicago p43: +10 urls (total=1817)
  psychologist/chicago p44: +10 urls (total=1827)
  psychologist/chicago p45: +10 urls (total=1837)
  psychologist/chicago p46: +10 urls (total=1847)
  psychologist/chicago p47: +10 urls (total=1857)
  psychologist/chicago p48: +10 urls (total=1867)
  psychologist/chicago p49: +10 urls (total=1877)
  psychologist/chicago p50: +10 urls (total=1887)
  psychologist/chicago p51: +10 urls (total=1897)
  psychologist/chicago p52: +10 urls (total=1907)
  psychologist/chicago p53: +10 urls (total=1917)
  psychologist/chicago p54: +10 urls (total=1927)
  psychologist/chicago p55: +10 urls (total=1937)
  psychologist/chicago p56: +10 urls (total=1947)
  psychologist/chicago p57: +10 urls (total=1957)
  psychologist/chicago p58: +10 urls (total=1967)
  psychologist/chicago p59: +10 urls (total=1977)
  psychologist/chicago p60: +10 urls (total=1987)
  psychologist/chicago p61: +10 urls (total=1997)
  psychologist/chicago p62: +10 urls (total=2007)
  psychologist/chicago p63: +10 urls (total=2017)
  psychologist/chicago p64: +10 urls (total=2027)
  psychologist/chicago p65: +10 urls (total=2037)
  psychologist/chicago p66: +10 urls (total=2047)
  psychologist/chicago p67: +10 urls (total=2057)
  psychologist/chicago p68: +10 urls (total=2067)
  psychologist/chicago p69: +10 urls (total=2077)
  psychologist/chicago p70: +10 urls (total=2087)
  psychologist/chicago p71: +10 urls (total=2097)
  psychologist/chicago p72: +10 urls (total=2107)
  psychologist/chicago p73: +10 urls (total=2117)
  psychologist/chicago p74: +10 urls (total=2127)
  psychologist/chicago p75: +10 urls (total=2137)
  psychologist/chicago p76: +10 urls (total=2147)
  psychologist/chicago p77: +10 urls (total=2157)
  psychologist/chicago p78: +10 urls (total=2167)
  psychologist/chicago p79: +10 urls (total=2177)
  psychologist/chicago p80: +10 urls (total=2187)
  psychologist/chicago p81: +10 urls (total=2197)
  psychologist/chicago p82: +10 urls (total=2207)
  psychologist/chicago p83: +10 urls (total=2217)
  psychologist/chicago p84: +10 urls (total=2227)
  psychologist/chicago p85: +10 urls (total=2237)
  psychologist/chicago p86: +10 urls (total=2247)
  psychologist/chicago p87: +10 urls (total=2257)
  psychologist/chicago p88: +10 urls (total=2267)
  psychologist/chicago p89: +10 urls (total=2277)
  psychologist/chicago p90: +10 urls (total=2287)
  psychologist/chicago p91: +10 urls (total=2297)
  psychologist/chicago p92: +10 urls (total=2307)
  psychologist/chicago p93: +10 urls (total=2317)
  psychologist/chicago p94: +10 urls (total=2327)
  psychologist/chicago p95: +10 urls (total=2337)
  psychologist/chicago p96: +10 urls (total=2347)
  psychologist/chicago p97: +10 urls (total=2357)
  psychologist/chicago p98: +10 urls (total=2367)
  psychologist/chicago p99: +10 urls (total=2377)
  psychologist/chicago p100: +10 urls (total=2387)
  psychologist/chicago p101: +10 urls (total=2397)
  psychologist/chicago p102: +10 urls (total=2407)
  psychologist/chicago p103: +10 urls (total=2417)
  psychologist/chicago p104: +10 urls (total=2427)
  psychologist/chicago p105: +10 urls (total=2437)
  psychologist/chicago p106: +10 urls (total=2447)
  psychologist/chicago p107: +10 urls (total=2457)
  psychologist/chicago p108: +10 urls (total=2467)
  psychologist/chicago p109: +10 urls (total=2477)
  psychologist/chicago p110: +10 urls (total=2487)
  psychologist/chicago p111: +10 urls (total=2497)
  psychologist/chicago p112: +10 urls (total=2507)
  psychologist/chicago p113: +10 urls (total=2517)
  psychologist/chicago p114: +10 urls (total=2527)
  psychologist/chicago p115: +10 urls (total=2537)
  psychologist/chicago p116: +10 urls (total=2547)
  psychologist/chicago p117: +10 urls (total=2557)
  psychologist/chicago p118: +10 urls (total=2567)
  psychologist/chicago p119: +10 urls (total=2577)
  psychologist/chicago p120: +10 urls (total=2587)
  psychologist/chicago p121: +10 urls (total=2597)
  psychologist/chicago p122: +10 urls (total=2607)
  psychologist/chicago p123: +10 urls (total=2617)
  psychologist/chicago p124: +10 urls (total=2627)
  psychologist/chicago p125: +10 urls (total=2637)
  psychologist/chicago p126: +10 urls (total=2647)
  psychologist/chicago p127: +10 urls (total=2657)
  psychologist/chicago p128: +10 urls (total=2667)
  psychologist/chicago p129: +5 urls (total=2672)
  psychologist/chicago: done (129 pages)
  psychologist/springfield p1: +10 urls (total=2682)
  psychologist/springfield p2: +10 urls (total=2692)
  psychologist/springfield p3: +10 urls (total=2702)
  psychologist/springfield p4: +10 urls (total=2712)
  psychologist/springfield p5: +3 urls (total=2715)
  psychologist/springfield: done (5 pages)
  psychologist/rockford p1: +10 urls (total=2725)
  psychologist/rockford p2: +10 urls (total=2735)
  psychologist/rockford p3: +10 urls (total=2745)
  psychologist/rockford p4: +1 urls (total=2746)
  psychologist/rockford: done (4 pages)
  psychologist/naperville p1: +10 urls (total=2756)
  psychologist/naperville p2: +10 urls (total=2766)
  psychologist/naperville p3: +10 urls (total=2776)
  psychologist/naperville p4: +10 urls (total=2786)
  psychologist/naperville p5: +10 urls (total=2796)
  psychologist/naperville p6: +10 urls (total=2806)
  psychologist/naperville p7: +10 urls (total=2816)
  psychologist/naperville p8: +10 urls (total=2826)
  psychologist/naperville p9: +10 urls (total=2836)
  psychologist/naperville p10: +10 urls (total=2846)
  psychologist/naperville p11: +10 urls (total=2856)
  psychologist/naperville p12: +10 urls (total=2866)
  psychologist/naperville p13: +3 urls (total=2869)
  psychologist/naperville: done (13 pages)
  psychologist/aurora p1: +10 urls (total=2879)
  psychologist/aurora p2: +10 urls (total=2889)
  psychologist/aurora p3: +5 urls (total=2894)
  psychologist/aurora: done (3 pages)
  psychologist/peoria p1: +10 urls (total=2904)
  psychologist/peoria p2: +10 urls (total=2914)
  psychologist/peoria p3: +10 urls (total=2924)
  psychologist/peoria p4: +10 urls (total=2934)
  psychologist/peoria p5: +5 urls (total=2939)
  psychologist/peoria: done (5 pages)
  psychologist/elgin p1: +10 urls (total=2949)
  psychologist/elgin: done (1 pages)
  psychologist/joliet p1: +10 urls (total=2959)
  psychologist/joliet p2: +10 urls (total=2969)
  psychologist/joliet p3: +2 urls (total=2971)
  psychologist/joliet: done (3 pages)
  psychologist/waukegan p1: +10 urls (total=2981)
  psychologist/waukegan p2: +3 urls (total=2984)
  psychologist/waukegan: done (2 pages)
  psychologist/champaign p1: +10 urls (total=2994)
  psychologist/champaign p2: +10 urls (total=3004)
  psychologist/champaign p3: +10 urls (total=3014)
  psychologist/champaign p4: +10 urls (total=3024)
  psychologist/champaign p5: +5 urls (total=3029)
  psychologist/champaign: done (5 pages)
  psychologist/bloomington p1: +10 urls (total=3039)
  psychologist/bloomington p2: +10 urls (total=3049)
  psychologist/bloomington p3: +10 urls (total=3059)
  psychologist/bloomington p4: +5 urls (total=3064)
  psychologist/bloomington: done (4 pages)
  psychologist/decatur p1: +6 urls (total=3070)
  psychologist/decatur: done (1 pages)
  psychologist/schaumburg p1: +10 urls (total=3080)
  psychologist/schaumburg p2: +10 urls (total=3090)
  psychologist/schaumburg p3: +10 urls (total=3100)
  psychologist/schaumburg p4: +10 urls (total=3110)
  psychologist/schaumburg p5: +9 urls (total=3119)
  psychologist/schaumburg p6: +10 urls (total=3129)
  psychologist/schaumburg p7: +10 urls (total=3139)
  psychologist/schaumburg p8: +4 urls (total=3143)
  psychologist/schaumburg: done (8 pages)
  psychologist/evanston p1: +10 urls (total=3153)
  psychologist/evanston p2: +10 urls (total=3163)
  psychologist/evanston p3: +9 urls (total=3172)
  psychologist/evanston p4: +10 urls (total=3182)
  psychologist/evanston p5: +9 urls (total=3191)
  psychologist/evanston p6: +10 urls (total=3201)
  psychologist/evanston p7: +10 urls (total=3211)
  psychologist/evanston p8: +10 urls (total=3221)
  psychologist/evanston p9: +10 urls (total=3231)
  psychologist/evanston p10: +10 urls (total=3241)
  psychologist/evanston p11: +10 urls (total=3251)
  psychologist/evanston p12: +10 urls (total=3261)
  psychologist/evanston p13: +10 urls (total=3271)
  psychologist/evanston p14: +10 urls (total=3281)
  psychologist/evanston p15: +10 urls (total=3291)
  psychologist/evanston p16: +10 urls (total=3301)
  psychologist/evanston p17: +10 urls (total=3311)
  psychologist/evanston p18: +10 urls (total=3321)
  psychologist/evanston p19: +2 urls (total=3323)
  psychologist/evanston: done (19 pages)
  psychologist/skokie p1: +9 urls (total=3332)
  psychologist/skokie p2: +10 urls (total=3342)
  psychologist/skokie p3: +10 urls (total=3352)
  psychologist/skokie p4: +9 urls (total=3361)
  psychologist/skokie p5: +10 urls (total=3371)
  psychologist/skokie p6: +10 urls (total=3381)
  psychologist/skokie p7: +10 urls (total=3391)
  psychologist/skokie p8: +10 urls (total=3401)
  psychologist/skokie p9: +10 urls (total=3411)
  psychologist/skokie: done (9 pages)
  psychologist/oak-park p1: +10 urls (total=3421)
  psychologist/oak-park p2: +10 urls (total=3431)
  psychologist/oak-park p3: +10 urls (total=3441)
  psychologist/oak-park p4: +10 urls (total=3451)
  psychologist/oak-park p5: +10 urls (total=3461)
  psychologist/oak-park p6: +10 urls (total=3471)
  psychologist/oak-park p7: +10 urls (total=3481)
  psychologist/oak-park p8: +8 urls (total=3489)
  psychologist/oak-park: done (8 pages)
  psychologist/arlington-heights p1: +10 urls (total=3499)
  psychologist/arlington-heights p2: +10 urls (total=3509)
  psychologist/arlington-heights p3: +10 urls (total=3519)
  psychologist/arlington-heights p4: +10 urls (total=3529)
  psychologist/arlington-heights p5: +10 urls (total=3539)
  psychologist/arlington-heights p6: +10 urls (total=3549)
  psychologist/arlington-heights p7: +10 urls (total=3559)
  psychologist/arlington-heights p8: +10 urls (total=3569)
  psychologist/arlington-heights p9: +10 urls (total=3579)
  psychologist/arlington-heights p10: +10 urls (total=3589)
  psychologist/arlington-heights p11: +1 urls (total=3590)
  psychologist/arlington-heights: done (11 pages)
  psychologist/bolingbrook p1: +2 urls (total=3592)
  psychologist/bolingbrook: done (1 pages)
  psychologist/palatine p1: +10 urls (total=3602)
  psychologist/palatine p2: +5 urls (total=3607)
  psychologist/palatine: done (2 pages)
    [404] https://www.ratemds.com/best-doctors/il/round-lake-beach/psychologist/?page=2 (attempt 1)
    [404] https://www.ratemds.com/best-doctors/il/round-lake-beach/psychologist/?page=2 (attempt 2)
    [404] https://www.ratemds.com/best-doctors/il/round-lake-beach/psychologist/?page=2 (attempt 3)
  psychologist/tinley-park p1: +10 urls (total=3617)
  psychologist/tinley-park p2: +7 urls (total=3624)
  psychologist/tinley-park: done (2 pages)
  psychologist/orland-park p1: +10 urls (total=3634)
  psychologist/orland-park p2: +10 urls (total=3644)
  psychologist/orland-park p3: +10 urls (total=3654)
  psychologist/orland-park p4: +10 urls (total=3664)
  psychologist/orland-park p5: +10 urls (total=3674)
  psychologist/orland-park p6: +1 urls (total=3675)
  psychologist/orland-park: done (6 pages)
  psychologist/normal p1: +10 urls (total=3685)
  psychologist/normal p2: +1 urls (total=3686)
  psychologist/normal: done (2 pages)
  psychologist/berwyn p1: +9 urls (total=3695)
  psychologist/berwyn: done (1 pages)
  psychologist/downers-grove p1: +10 urls (total=3705)
  psychologist/downers-grove p2: +10 urls (total=3715)
  psychologist/downers-grove p3: +4 urls (total=3719)
  psychologist/downers-grove: done (3 pages)
  psychologist/hoffman-estates p1: +10 urls (total=3729)
  psychologist/hoffman-estates p2: +10 urls (total=3739)
  psychologist/hoffman-estates p3: +10 urls (total=3749)
  psychologist/hoffman-estates p4: +1 urls (total=3750)
  psychologist/hoffman-estates: done (4 pages)
  psychologist/oak-lawn p1: +10 urls (total=3760)
  psychologist/oak-lawn p2: +4 urls (total=3764)
  psychologist/oak-lawn: done (2 pages)
  psychologist/mount-prospect p1: +8 urls (total=3772)
  psychologist/mount-prospect: done (1 pages)
  psychologist/glenview p1: +10 urls (total=3782)
  psychologist/glenview p2: +10 urls (total=3792)
  psychologist/glenview p3: +10 urls (total=3802)
  psychologist/glenview p4: +6 urls (total=3808)
  psychologist/glenview: done (4 pages)
  psychologist/wheaton p1: +10 urls (total=3818)
  psychologist/wheaton p2: +10 urls (total=3828)
  psychologist/wheaton p3: +10 urls (total=3838)
  psychologist/wheaton p4: +10 urls (total=3848)
  psychologist/wheaton p5: +10 urls (total=3858)
  psychologist/wheaton p6: +10 urls (total=3868)
  psychologist/wheaton p7: +8 urls (total=3876)
  psychologist/wheaton: done (7 pages)

Discovered 3876 unique profile URLs → saved to discovered_urls.txt

[PHASE 2+3] Processing 3876 profiles (0 already done)...

Loaded 11398 IL providers for matching.

  [10/3876] Dr. Arthur R. Traugott → id=1808 score=85.7 | +3 reviews (0 skipped)
  [45/3876] Dr. Michael S. Easton → id=62 score=88.9 | +8 reviews (0 skipped)
  [50/3876] Dr. Maureen Fayen → id=397 score=100.0 | +2 reviews (0 skipped)
  [71/3876] Dr. Dorothy T. Grunes → id=2715 score=85.1 | +5 reviews (0 skipped)
  [72/3876] Dr. David A. Hirsch → id=744 score=90.0 | +1 reviews (0 skipped)
  [75/3876] Dr. John W. Jones → id=1893 score=97.0 | +0 reviews (0 skipped)
  [77/3876] Dr. Judy Kern → id=2850 score=100.0 | +2 reviews (0 skipped)
  [85/3876] Dr. Gunnbjorg B. Lavoll → id=480 score=93.0 | +3 reviews (0 skipped)
  [95/3876] Dr. Luckose M. Luke → id=2301 score=97.3 | +1 reviews (0 skipped)
  [100/3876] Dr. Eula E. Powers — no match
  [106/3876] Dr. Steven R. Mershon → id=250 score=85.1 | +4 reviews (0 skipped)
  [110/3876] Dr. Michael J. Schrift → id=548 score=97.7 | +4 reviews (0 skipped)
  [121/3876] Dr. William Gilmer → id=966 score=85.7 | +10 reviews (0 skipped)
  [123/3876] Dr. Susan J. Accardi → id=4483 score=97.4 | +10 reviews (0 skipped)
  [126/3876] Dr. Samuel E Goldman → id=1785 score=87.0 | +4 reviews (0 skipped)
  [130/3876] Dr. Guatam Sharma → id=505 score=93.3 | +1 reviews (0 skipped)
  [131/3876] Dr. Barbara Benton → id=100 score=90.0 | +10 reviews (0 skipped)
  [133/3876] Dr. Harry J. Soloway → id=2524 score=88.4 | +1 reviews (0 skipped)
  [134/3876] Roy Gilliland → id=8271 score=86.7 | +1 reviews (0 skipped)
  [135/3876] Dr. Dennis D. Beedle → id=393 score=90.5 | +1 reviews (0 skipped)
  [136/3876] Dr. Gregory A. Teas → id=153 score=90.0 | +9 reviews (1 skipped)
  [138/3876] Dr. Pratap Attaluri → id=2051 score=100.0 | +6 reviews (0 skipped)
  [142/3876] Dr. Steven Prinz → id=33 score=86.5 | +10 reviews (0 skipped)
  [144/3876] Dr. Laura Lee Anders → id=2196 score=100.0 | +10 reviews (0 skipped)
  [145/3876] Dr. Ira S. Halper → id=923 score=97.0 | +6 reviews (0 skipped)
  [146/3876] Dr. Ing-Ing Lam → id=562 score=93.8 | +2 reviews (0 skipped)
  [147/3876] Maria Rago → id=9636 score=85.7 | +10 reviews (0 skipped)
  [150/3876] Dr. Frank Kirk → id=4363 score=100.0 | +9 reviews (0 skipped)
  [152/3876] Dr. Thomas L. Dimatteo → id=447 score=93.3 | +2 reviews (0 skipped)
  [153/3876] Dr. Larry S. Goldman → id=240 score=88.4 | +6 reviews (0 skipped)
  [154/3876] Dr. Riaz A. Baber → id=279 score=86.5 | +10 reviews (0 skipped)
  [155/3876] Dr. Ayelle D. Schudy → id=2910 score=88.4 | +2 reviews (0 skipped)
  [157/3876] Dr. John F. Gottlieb → id=391 score=97.4 | +9 reviews (0 skipped)
  [158/3876] Dr. William D. Ciganek → id=602 score=87.5 | +1 reviews (0 skipped)
  [162/3876] Dr. Camilla Ashley → id=632 score=94.7 | +5 reviews (0 skipped)
  [164/3876] Dr. Edward H. Navakas → id=219 score=88.9 | +2 reviews (0 skipped)
  [165/3876] Dr. Song K. Piyaka → id=1950 score=97.1 | +1 reviews (0 skipped)
  [167/3876] Dr. Tahseen Mohammed → id=492 score=100.0 | +10 reviews (0 skipped)
  [168/3876] Dr. Nagamani Pavuluri → id=2181 score=100.0 | +1 reviews (0 skipped)
  [170/3876] Dr. Delia Patroi → id=2357 score=100.0 | +1 reviews (0 skipped)
  [173/3876] Dr. Shah Nawaz → id=50 score=100.0 | +1 reviews (0 skipped)
  [174/3876] Dr. Yuhwen Chow → id=1750 score=100.0 | +4 reviews (0 skipped)
  [175/3876] Dr. Petrit Ndrio → id=91 score=100.0 | +4 reviews (0 skipped)
  [177/3876] Dr. Martins A. Adeoye → id=83 score=85.1 | +10 reviews (0 skipped)
  [179/3876] Dr. Andrew Hertich → id=711 score=85.0 | +3 reviews (0 skipped)
  [181/3876] Dr. Bradford E. Colen → id=314 score=90.9 | +10 reviews (0 skipped)
  [182/3876] Dr. Nancy E. Pecen → id=651 score=97.1 | +9 reviews (0 skipped)
  [184/3876] Laura T. Schultz → id=6363 score=85.7 | +1 reviews (0 skipped)
  [191/3876] Dr. Norman Kohn → id=2745 score=85.7 | +1 reviews (0 skipped)
  [200/3876] Dr. Ella Komarovsky → id=774 score=100.0 | +0 reviews (0 skipped)
  [203/3876] Dr. Aleksandr Dekhtyar → id=652 score=100.0 | +8 reviews (0 skipped)
  [207/3876] Dr. Fredric J. Levy → id=792 score=85.7 | +1 reviews (0 skipped)
  [225/3876] Jon-Paul Champine → id=4875 score=89.5 | +0 reviews (0 skipped)
  [239/3876] Dr. Christopher J. Hummel → id=645 score=90.6 | +3 reviews (0 skipped)
  [241/3876] Dr. William W. Wood → id=4397 score=97.3 | +3 reviews (0 skipped)
  [250/3876] James W. HANNUM — no match
  [253/3876] Judith S. Tellerman → id=8225 score=87.8 | +10 reviews (0 skipped)
  [259/3876] Dr. Paul J. Capriotti → id=40 score=92.3 | +1 reviews (0 skipped)
  [267/3876] Dr. Joseph Kut → id=28 score=93.3 | +1 reviews (0 skipped)
  [275/3876] Carolyn Nowakowski → id=6829 score=90.0 | +2 reviews (0 skipped)
  [287/3876] Michael E. Cremerius → id=5104 score=88.4 | +1 reviews (0 skipped)
  [300/3876] Steven M. Yousha → id=6458 score=85.7 | +1 reviews (0 skipped)
  [305/3876] Dr. Peter M. Fink → id=308 score=88.9 | +2 reviews (0 skipped)
  [306/3876] Thomas D. Macroy → id=5664 score=91.4 | +3 reviews (0 skipped)
  [314/3876] Patricia M. Favia → id=6804 score=86.5 | +6 reviews (0 skipped)
  [318/3876] Dr. Ryan Finkenbine → id=537 score=88.4 | +1 reviews (0 skipped)
  [321/3876] Dr. Hisham S. Sadek → id=2125 score=90.0 | +10 reviews (0 skipped)
  [322/3876] Dr. Nayyar Afroz → id=1758 score=100.0 | +2 reviews (0 skipped)
  [340/3876] Dr. Minna J. O'Leary → id=2392 score=90.5 | +1 reviews (0 skipped)
  [350/3876] Michael Legan — no match
  [356/3876] Richard Goldwasser → id=10147 score=100.0 | +1 reviews (0 skipped)
  [363/3876] Lisa A. Karaitis → id=6696 score=91.4 | +2 reviews (0 skipped)
  [364/3876] Dr. Joan P. Lynch → id=843 score=90.3 | +10 reviews (0 skipped)
  [365/3876] Dr. Elliott Pae → id=386 score=93.8 | +7 reviews (0 skipped)
  [384/3876] Theodore J. Chapin → id=9642 score=97.1 | +2 reviews (0 skipped)
  [389/3876] Tara A. Kacmarcik → id=5993 score=91.9 | +1 reviews (0 skipped)
  [393/3876] Dr. Gautam Sharma → id=505 score=100.0 | +3 reviews (0 skipped)
  [399/3876] Luke R. Dalfiume → id=5250 score=85.7 | +2 reviews (0 skipped)
  [400/3876] Dr. David L. Goldberg — no match
  [401/3876] Arturo Gudino → id=4807 score=86.7 | +2 reviews (0 skipped)
  [406/3876] Dr. Philip K. Mccullough → id=204 score=92.0 | +3 reviews (0 skipped)
  [413/3876] Joyce C. Bookshester → id=6355 score=93.0 | +1 reviews (0 skipped)
  [417/3876] Stephan Romm → id=7992 score=85.7 | +1 reviews (0 skipped)
  [428/3876] Dr. Adrienne M. Balsam → id=767 score=87.5 | +2 reviews (0 skipped)
  [431/3876] Dr. Linda F. Gruenberg → id=324 score=97.7 | +4 reviews (0 skipped)
  [450/3876] Leo G. Bourneuf — no match
  [466/3876] Elizabeth M. Bolash → id=6292 score=87.8 | +1 reviews (0 skipped)
  [467/3876] Laura A. Jansons → id=6438 score=91.4 | +5 reviews (0 skipped)
  [475/3876] Steven M. Nakisher → id=5146 score=87.2 | +0 reviews (0 skipped)
  [486/3876] R Scott Furda → id=8429 score=86.7 | +1 reviews (0 skipped)
  [500/3876] Helen P. Appleton — no match
  [505/3876] Dr. Terry L. Hanusa → id=650 score=87.8 | +6 reviews (0 skipped)
  [521/3876] Dr. Syed Irfan → id=37 score=87.5 | +1 reviews (0 skipped)
  [526/3876] Christopher Watson → id=7829 score=85.7 | +2 reviews (0 skipped)
  [532/3876] Dr. Daniel Kim → id=4202 score=100.0 | +2 reviews (0 skipped)
  [535/3876] Michelle A. Kukla → id=7310 score=91.9 | +2 reviews (0 skipped)
  [550/3876] Dr. Kwan B. Jin — no match
  [554/3876] Dr. Ghassan Bitar → id=318 score=100.0 | +1 reviews (0 skipped)
  [574/3876] Patresa R. Brager → id=5021 score=86.5 | +1 reviews (0 skipped)
  [588/3876] Dr. Mandy L. Evans → id=297 score=91.9 | +2 reviews (0 skipped)
  [589/3876] Michael S. Trieger → id=8111 score=87.2 | +2 reviews (0 skipped)
  [600/3876] Robert E. Ingraham → id=6503 score=87.2 | +0 reviews (0 skipped)
  [606/3876] Dr. Cosme O. Lozano → id=196 score=87.8 | +7 reviews (0 skipped)
  [609/3876] Jolie M. Hoffmann → id=5792 score=86.5 | +2 reviews (0 skipped)
  [616/3876] Jeremy W. Bloomfield → id=4701 score=88.4 | +7 reviews (3 skipped)
  [650/3876] Marlene R. Eisen — no match
  [657/3876] Dr. Fareha N. Malik → id=17 score=100.0 | +5 reviews (0 skipped)
  [686/3876] Dianne Burgin → id=5892 score=86.7 | +1 reviews (0 skipped)
  [691/3876] Richard C. Ney → id=5144 score=90.3 | +1 reviews (0 skipped)
  [698/3876] Jerome P. Wagner → id=7651 score=85.7 | +1 reviews (0 skipped)
  [700/3876] Dr. James L. Cavanaugh → id=2633 score=89.4 | +0 reviews (0 skipped)
  [734/3876] William J. Skoubis → id=7634 score=87.2 | +3 reviews (0 skipped)
  [738/3876] Dr. Kalman Kaplan → id=2579 score=94.4 | +1 reviews (0 skipped)
  [744/3876] David Paul Smith → id=7527 score=88.9 | +2 reviews (0 skipped)
  [747/3876] Dr. Morris B. Goldman → id=1704 score=100.0 | +1 reviews (0 skipped)
  [750/3876] Julie A. Ruzycki → id=6305 score=91.4 | +2 reviews (0 skipped)
  [771/3876] Dr. Cathleen M. Gould → id=2771 score=97.6 | +1 reviews (0 skipped)
  [774/3876] Dr. Ayame Takahashi → id=355 score=100.0 | +1 reviews (0 skipped)
  [797/3876] Rachelle Gold → id=8246 score=86.7 | +2 reviews (0 skipped)
  [800/3876] Eric Van Denburg — no match
  [807/3876] Beatrice M. Finkelstein → id=7387 score=89.8 | +1 reviews (0 skipped)
  [811/3876] Carol L. Tessler → id=8218 score=85.7 | +6 reviews (0 skipped)
  [827/3876] Dr. Asmat Z. Jafry → id=561 score=87.2 | +10 reviews (0 skipped)
  [834/3876] Dr. Rad Gharavi → id=1707 score=100.0 | +4 reviews (0 skipped)
  [838/3876] Sandra Emeric Otero → id=11376 score=90.5 | +1 reviews (0 skipped)
  [841/3876] Robert J. Moretti → id=5648 score=86.5 | +1 reviews (0 skipped)
  [842/3876] Joseph E. Grodman → id=8118 score=86.5 | +10 reviews (0 skipped)
  [847/3876] Amy D. Miller → id=9002 score=88.0 | +10 reviews (0 skipped)
  [848/3876] Beverly J. Matthews → id=5130 score=87.8 | +1 reviews (0 skipped)
  [850/3876] Dr. Deborah A. Reed → id=108 score=92.3 | +3 reviews (0 skipped)
  [866/3876] Joshua A. Barras → id=6739 score=85.7 | +8 reviews (0 skipped)
  [877/3876] Dr. Kishwar Ali → id=291 score=100.0 | +1 reviews (0 skipped)
  [881/3876] Adrienne A. Skinner → id=5610 score=87.8 | +1 reviews (0 skipped)
  [887/3876] Nadine S. Chapman → id=7770 score=86.5 | +1 reviews (0 skipped)
  [895/3876] Patricia Merriman → id=5171 score=89.5 | +1 reviews (0 skipped)
  [896/3876] Peter Roccaforte → id=5679 score=88.9 | +1 reviews (0 skipped)
  [897/3876] Dr. Sari G. Aronson → id=2779 score=85.7 | +1 reviews (0 skipped)
  [900/3876] Dr. Mohammed T. Ali → id=1954 score=87.8 | +0 reviews (0 skipped)
  [902/3876] Dr. Tanveer Shan → id=3079 score=94.1 | +1 reviews (0 skipped)
  [925/3876] Dr. Patricia A. Graczyk → id=5251 score=97.8 | +0 reviews (0 skipped)
  [942/3876] Joy A. Lockner → id=7282 score=90.3 | +2 reviews (0 skipped)
  [947/3876] Loretta K. Mckenzie → id=6488 score=87.8 | +3 reviews (0 skipped)
  [950/3876] Julie G. Wrenn — no match
  [971/3876] Barbara E. Meyer → id=5007 score=85.7 | +1 reviews (0 skipped)
  [981/3876] Sylvia Butler → id=5608 score=86.7 | +1 reviews (0 skipped)
  [993/3876] Dr. Wajid A. Khan → id=1926 score=91.4 | +1 reviews (0 skipped)
  [1000/3876] Dr. Scott Feldman → id=2603 score=85.0 | +0 reviews (0 skipped)
  [1020/3876] Randall R. Stoklas → id=8376 score=87.2 | +1 reviews (0 skipped)
  [1021/3876] Dr. Farid Karimi → id=404 score=100.0 | +4 reviews (0 skipped)
  [1028/3876] Diana J. Semmelhack → id=6601 score=87.8 | +6 reviews (0 skipped)
  [1050/3876] Daniel S. Kirschenbaum — no match
  [1054/3876] Jerry M. Porzemsky → id=5454 score=87.2 | +5 reviews (0 skipped)
  [1063/3876] Sharon Jedel → id=6919 score=85.7 | +1 reviews (0 skipped)
  [1065/3876] Marilyn K. Stuckey → id=8333 score=87.2 | +1 reviews (0 skipped)
  [1068/3876] Daniel B. Nicholas → id=5046 score=87.2 | +10 reviews (0 skipped)
  [1069/3876] Alex D. Reynish → id=11251 score=90.9 | +1 reviews (0 skipped)
  [1073/3876] Linda A. Nisonoff → id=7304 score=91.9 | +5 reviews (0 skipped)
  [1074/3876] Howard S. Farkas → id=6950 score=85.7 | +1 reviews (0 skipped)
  [1078/3876] John R. Stutesman → id=8325 score=86.5 | +3 reviews (0 skipped)
  [1080/3876] James D. Mcholland → id=6478 score=85.7 | +1 reviews (0 skipped)
  [1085/3876] Marlene Brusko → id=6210 score=87.5 | +1 reviews (0 skipped)
  [1086/3876] W Douglas Vaselakos → id=8047 score=90.5 | +6 reviews (0 skipped)
  [1097/3876] Dr. Sandra S. Valpey → id=4494 score=97.4 | +2 reviews (0 skipped)
  [1100/3876] Robert Craig — no match
  [1113/3876] Dr. Roger A. Konwal → id=2736 score=90.0 | +6 reviews (0 skipped)
  [1120/3876] John D. Atkinson → id=5726 score=91.4 | +1 reviews (0 skipped)
  [1125/3876] Dr. Daolong Zhang → id=2224 score=100.0 | +0 reviews (0 skipped)
  [1140/3876] Renee A. Mcardle → id=5071 score=91.4 | +1 reviews (0 skipped)
  [1149/3876] Josette Wolthusen → id=7918 score=89.5 | +1 reviews (0 skipped)
  [1150/3876] Brian Zercher — no match
  [1159/3876] Shelly R. Keeney → id=7372 score=85.7 | +7 reviews (0 skipped)
  [1175/3876] Judith S. Warschausky → id=7256 score=88.9 | +0 reviews (0 skipped)
  [1184/3876] Kathryn A. Minogue → id=6254 score=87.8 | +1 reviews (0 skipped)
  [1193/3876] Dr. Sonal Gupta → id=2696 score=100.0 | +2 reviews (0 skipped)
  [1198/3876] Margaret M. Johnson → id=5482 score=87.8 | +2 reviews (0 skipped)
  [1200/3876] Nancy R. Soro — no match
  [1214/3876] Steve A. Spaccarelli → id=11341 score=90.9 | +2 reviews (0 skipped)
  [1235/3876] Algean Garner → id=8347 score=86.7 | +1 reviews (0 skipped)
  [1250/3876] Dr. Surinder S. Nand → id=4343 score=88.4 | +0 reviews (0 skipped)
  [1263/3876] Donna R. Amstutz → id=4707 score=85.7 | +4 reviews (0 skipped)
  [1272/3876] Diane F. Mittelhauser → id=11365 score=88.9 | +1 reviews (0 skipped)
  [1275/3876] Armand R. Cerbone → id=6346 score=86.5 | +0 reviews (0 skipped)
  [1277/3876] Dr. William J. Kafin → id=2126 score=97.4 | +1 reviews (0 skipped)
  [1280/3876] Nadia Pershad → id=5573 score=86.7 | +1 reviews (0 skipped)
  [1282/3876] Dr. J. Richard Gallagher → id=528 score=97.9 | +1 reviews (0 skipped)
  [1295/3876] Dr. Gary A. Willer → id=2793 score=89.5 | +1 reviews (0 skipped)
  [1300/3876] Angelica Ortiz → id=7406 score=87.5 | +0 reviews (0 skipped)
  [1317/3876] Terrilyn Kerr → id=5273 score=86.7 | +1 reviews (0 skipped)
  [1319/3876] Mary A. Lee → id=6670 score=88.0 | +1 reviews (0 skipped)
  [1332/3876] Dr. Andrea Uribe → id=306 score=100.0 | +1 reviews (0 skipped)
  [1342/3876] Kathleen E. Sherrell → id=6282 score=88.4 | +1 reviews (0 skipped)
  [1343/3876] Terry L. Stagman → id=7948 score=85.7 | +1 reviews (0 skipped)
  [1347/3876] Natalia S. Pascal → id=5132 score=86.5 | +1 reviews (0 skipped)
  [1350/3876] Carla-Joy L. Cumberbatch → id=7052 score=90.2 | +0 reviews (0 skipped)
  [1351/3876] Karla V. Anderson → id=8756 score=86.5 | +2 reviews (0 skipped)
  [1353/3876] Joseph D. Rosenfeld → id=7509 score=92.7 | +1 reviews (0 skipped)
  [1370/3876] Dr. Ann Mathers → id=4485 score=100.0 | +5 reviews (0 skipped)
  [1377/3876] Jonathan M. Pochyly → id=5030 score=87.8 | +1 reviews (0 skipped)
  [1379/3876] Toyah Wilson → id=7311 score=85.7 | +4 reviews (0 skipped)
  [1387/3876] Ann T. Barnes → id=11189 score=96.0 | +9 reviews (0 skipped)
  [1400/3876] Jill Weissberg-Benchell → id=11346 score=85.2 | +0 reviews (0 skipped)
  [1439/3876] Patricia A. Mcmahon → id=6807 score=86.4 | +1 reviews (0 skipped)
  [1441/3876] Stephanie L. Livingston → id=6832 score=89.8 | +2 reviews (0 skipped)
  [1450/3876] Sarah Rumbley → id=5424 score=86.7 | +0 reviews (0 skipped)
  [1467/3876] Carol A. Hoogenboom → id=6805 score=87.8 | +1 reviews (0 skipped)
  [1481/3876] Lynne M. Knobloch-Fedders → id=7477 score=90.6 | +1 reviews (0 skipped)
  [1500/3876] Neal S. Rubin — no match
  [1518/3876] Kelly Vinehout → id=4692 score=87.5 | +1 reviews (0 skipped)
  [1523/3876] Dr. Roneen Blank → id=2884 score=100.0 | +9 reviews (0 skipped)
  [1541/3876] Linda D. Small → id=7780 score=90.3 | +3 reviews (0 skipped)
  [1550/3876] Erin E. Emery — no match
  [1557/3876] Gretchen A. Schmutz → id=5947 score=92.7 | +10 reviews (0 skipped)
  [1571/3876] Kenneth F. Tortoriello → id=8137 score=89.4 | +1 reviews (0 skipped)
  [1575/3876] Dr. Martha Crotts → id=361 score=100.0 | +2 reviews (0 skipped)
  [1581/3876] Susanne Streicker → id=5266 score=85.0 | +1 reviews (0 skipped)
  [1591/3876] Alexandra Sherman → id=7565 score=85.0 | +3 reviews (0 skipped)
  [1600/3876] Lisa A. Lavella → id=8537 score=85.7 | +2 reviews (0 skipped)
  [1618/3876] Victoria Reid → id=5801 score=86.7 | +7 reviews (0 skipped)
  [1625/3876] Joanne L. Marwil → id=8013 score=85.7 | +0 reviews (0 skipped)
  [1650/3876] Ann Kaplan — no match
  [1665/3876] Angelique A. Sallas → id=6779 score=87.8 | +2 reviews (0 skipped)
  [1675/3876] Dr. Benedict Gierl → id=131 score=90.0 | +0 reviews (0 skipped)
  [1676/3876] Dr. Louis J. Kraus → id=200 score=87.2 | +10 reviews (0 skipped)
  [1700/3876] Marie E. Weissbourd — no match
  [1705/3876] Karuna Bahadur → id=10494 score=87.5 | +1 reviews (0 skipped)
  [1709/3876] Anthony M. Dejoseph → id=5062 score=87.8 | +1 reviews (0 skipped)
  [1725/3876] Christine T. Costello → id=7069 score=88.9 | +3 reviews (0 skipped)
  [1748/3876] Doreen D. Salina → id=5475 score=85.7 | +2 reviews (0 skipped)
  [1750/3876] Dr. Aaron S. Reichlin → id=638 score=88.9 | +2 reviews (0 skipped)
  [1753/3876] Jennifer L. Gibson → id=8281 score=87.2 | +1 reviews (0 skipped)
  [1768/3876] Dr. Daniel O. Faisal → id=2596 score=90.5 | +1 reviews (0 skipped)
  [1775/3876] Ellyn K. Daniels → id=7171 score=85.7 | +0 reviews (0 skipped)
  [1789/3876] Bernard Raden → id=9090 score=100.0 | +10 reviews (0 skipped)
  [1792/3876] Katherine A. Billingham → id=7821 score=89.8 | +2 reviews (0 skipped)
  [1800/3876] Dr. Tina M. Mattera → id=2616 score=87.8 | +1 reviews (0 skipped)
  [1850/3876] Geoffrey L. Kern — no match
  [1855/3876] Stephanie L. Cornette → id=9946 score=90.9 | +10 reviews (0 skipped)
  [1861/3876] Dr. Teresa J. Poprawski → id=96 score=97.8 | +1 reviews (0 skipped)
  [1875/3876] Mary Englund → id=5744 score=85.7 | +0 reviews (0 skipped)
  [1894/3876] Dr. Andrew Kalin → id=101 score=100.0 | +4 reviews (0 skipped)
  [1900/3876] Barbara Livingston-Goschi → id=5795 score=92.6 | +0 reviews (0 skipped)
  [1911/3876] Dr. Michael M. Hallberg → id=4516 score=93.0 | +1 reviews (0 skipped)
  [1928/3876] Pamela Kaden → id=7628 score=85.7 | +3 reviews (0 skipped)
  [1950/3876] Geneva R. Abiko — no match
  [1957/3876] Dr. Hugo A. Solari → id=2675 score=85.0 | +1 reviews (0 skipped)
  [1975/3876] Yvette Gonzalez → id=8214 score=88.2 | +5 reviews (0 skipped)
  [1993/3876] Elaine D. Rado → id=6723 score=88.9 | +1 reviews (0 skipped)
  [1995/3876] Dr. Gail M. Basch → id=313 score=86.5 | +1 reviews (0 skipped)
  [2000/3876] Jordon Levin — no match
  [2001/3876] Ellen M. Griffin → id=8132 score=85.7 | +1 reviews (0 skipped)
  [2004/3876] Steven R. Farmilant → id=11310 score=87.8 | +2 reviews (0 skipped)
  [2007/3876] Dr. Dawna L. Gutzmann → id=1931 score=93.0 | +5 reviews (0 skipped)
  [2012/3876] Dr. Alma Ramic → id=3073 score=100.0 | +1 reviews (0 skipped)
  [2031/3876] Dr. Eric J. Wilson → id=1809 score=87.2 | +1 reviews (0 skipped)
  [2050/3876] Ian E. Wickramasekera — no match
  [2051/3876] Annemarie Slobig → id=7321 score=88.9 | +3 reviews (0 skipped)
  [2063/3876] Dr. Neil R. Selinger → id=2867 score=86.4 | +3 reviews (0 skipped)
  [2075/3876] Denise M. Shaeffer → id=11340 score=87.2 | +0 reviews (0 skipped)
  [2097/3876] April L. Carbone → id=10458 score=96.8 | +3 reviews (0 skipped)
  [2100/3876] Gloria Balague → id=7950 score=87.5 | +0 reviews (0 skipped)
  [2125/3876] Janna A. Henning → id=8317 score=91.4 | +0 reviews (0 skipped)
  [2150/3876] Jason C. King — no match
  [2155/3876] Dr. Marc Sandrolini → id=275 score=88.2 | +1 reviews (0 skipped)
  [2161/3876] Joseph P. Fortunato → id=5505 score=87.8 | +1 reviews (0 skipped)
  [2166/3876] Mary Gardner → id=8356 score=85.7 | +10 reviews (0 skipped)
  [2198/3876] Dr. Barry E. Norman → id=2941 score=90.0 | +5 reviews (0 skipped)
  [2200/3876] Dr. Julie M. Sadhu → id=1730 score=89.5 | +0 reviews (0 skipped)
  [2203/3876] Dr. Susan Buratto → id=1967 score=100.0 | +1 reviews (0 skipped)
  [2218/3876] Dr. Lyndon Villasenor → id=1722 score=91.3 | +2 reviews (0 skipped)
  [2234/3876] Dr. Deep Buch → id=4557 score=96.3 | +2 reviews (0 skipped)
  [2240/3876] Dr. Taras W. Didenko → id=499 score=91.9 | +10 reviews (0 skipped)
  [2246/3876] Dr. Maya Ramic → id=987 score=100.0 | +5 reviews (0 skipped)
  [2250/3876] Dr. Elizabeth M. Georges → id=4576 score=85.2 | +0 reviews (0 skipped)
  [2256/3876] Margret M. Nickels → id=4865 score=87.2 | +1 reviews (0 skipped)
  [2275/3876] Samantha R. Schulze → id=6300 score=87.8 | +0 reviews (0 skipped)
  [2300/3876] Laurie Mattera → id=11318 score=87.5 | +0 reviews (0 skipped)
  [2311/3876] Jonathan Sherman → id=7698 score=88.9 | +1 reviews (0 skipped)
  [2314/3876] Anmol Satiani → id=4872 score=86.7 | +1 reviews (0 skipped)
  [2325/3876] Heather Waldman Cintron → id=7150 score=92.0 | +2 reviews (0 skipped)
  [2336/3876] Michael N. Nelson → id=6910 score=86.5 | +1 reviews (0 skipped)
  [2341/3876] Dr. Anna Mackender → id=852 score=94.7 | +4 reviews (0 skipped)
  [2350/3876] Dr. Andrew H. Liew — no match
  [2376/3876] Carrigan Manetti → id=7880 score=88.9 | +2 reviews (0 skipped)
  [2379/3876] Dr. Muhammad Junaid → id=1760 score=100.0 | +1 reviews (0 skipped)
  [2381/3876] Dr. Evan H. Goulding → id=946 score=100.0 | +2 reviews (0 skipped)
  [2385/3876] Patrycja Nykiel → id=5943 score=88.2 | +1 reviews (0 skipped)
  [2400/3876] Joyce E. Nugent-Hirschbeck — no match
  [2414/3876] Christina Samycia → id=6700 score=89.5 | +1 reviews (0 skipped)
  [2429/3876] Shelley Daniels → id=11258 score=88.2 | +2 reviews (0 skipped)
  [2450/3876] Dr. DAVID W. Carrington — no match
  [2454/3876] Jessica I. Strang → id=8358 score=86.5 | +3 reviews (0 skipped)
  [2474/3876] Brenda Lehman → id=6590 score=86.7 | +1 reviews (0 skipped)
  [2475/3876] Dr. Nasir Iqbal Ahmad → id=4273 score=100.0 | +0 reviews (0 skipped)
  [2485/3876] Sherrie D. All → id=7574 score=90.3 | +1 reviews (0 skipped)
  [2500/3876] Justin Greenstein → id=8758 score=85.0 | +0 reviews (0 skipped)
  [2502/3876] Robin L. Rundell → id=6963 score=85.7 | +1 reviews (0 skipped)
  [2510/3876] Cheryl Hurst → id=7530 score=85.7 | +2 reviews (0 skipped)
  [2512/3876] Alexander J. Paret → id=7373 score=87.2 | +5 reviews (0 skipped)
  [2516/3876] Tricia A. Mckinney → id=7781 score=92.3 | +1 reviews (0 skipped)
  [2540/3876] Dana W. Prechter → id=8562 score=85.7 | +1 reviews (0 skipped)
  [2550/3876] Dr. Moira K. Kessler — no match
  [2560/3876] Dr. Christine Michaud → id=35 score=91.3 | +2 reviews (0 skipped)
  [2575/3876] Dr. Christopher Lowden → id=126 score=86.3 | +2 reviews (0 skipped)
  [2581/3876] Kelly Dineen → id=8893 score=100.0 | +1 reviews (0 skipped)
  [2593/3876] Dr. Sandra Swantek → id=396 score=90.0 | +3 reviews (0 skipped)
  [2600/3876] Dr. ANN Agustsson Mathers — no match
  [2602/3876] Dr. Daniel Giacomo → id=218 score=94.7 | +9 reviews (0 skipped)
  [2625/3876] Dr. Joseph E. Siegler → id=1896 score=87.0 | +0 reviews (0 skipped)
  [2642/3876] Robert E. Hanlon → id=8042 score=85.7 | +10 reviews (0 skipped)
  [2650/3876] Linda D. Rice — no match
  [2652/3876] David A. Jopp → id=11218 score=92.3 | +3 reviews (0 skipped)
  [2655/3876] Courtney L. Dirksen → id=6493 score=92.3 | +1 reviews (0 skipped)
  [2663/3876] Dr. Michael B. Grover → id=2230 score=88.9 | +1 reviews (0 skipped)
  [2675/3876] Christopher L. Grote → id=4809 score=88.4 | +0 reviews (0 skipped)
  [2679/3876] Elena I. Kumkova → id=5562 score=85.7 | +1 reviews (0 skipped)
  [2687/3876] Dr. Hariclia E. Hristea → id=2202 score=89.8 | +7 reviews (0 skipped)
  [2700/3876] Dr. Mark Gindi — no match
  [2730/3876] Dr. Shephali Patel → id=189 score=87.8 | +3 reviews (0 skipped)
  [2736/3876] Lisa A. Medalie → id=8749 score=85.7 | +1 reviews (0 skipped)
  [2750/3876] Barbara L. Toohill → id=8141 score=87.2 | +0 reviews (0 skipped)
  [2770/3876] Nadia Persun → id=5209 score=85.7 | +7 reviews (0 skipped)
  [2775/3876] Rachael A. Schuster → id=7892 score=88.4 | +0 reviews (0 skipped)
  [2776/3876] Dr. Rosario M. Cosme Cruz → id=1027 score=90.6 | +2 reviews (0 skipped)
  [2800/3876] Dr. Sonia Kalaria — no match
  [2801/3876] Robert J. Portsche → id=7067 score=87.2 | +1 reviews (0 skipped)
  [2820/3876] Ralph W. Whetstine → id=4788 score=90.9 | +2 reviews (0 skipped)
  [2841/3876] Dr. Richard A. Clarey → id=2394 score=85.1 | +1 reviews (0 skipped)
  [2850/3876] Noam E. Wittlin → id=6641 score=90.3 | +0 reviews (0 skipped)
  [2875/3876] Pamela Dockstader-Ortiz → id=8887 score=95.7 | +0 reviews (0 skipped)
  [2900/3876] Lina Liu — no match
  [2901/3876] Dr. Alessandra M. Tachauer → id=1753 score=98.0 | +1 reviews (0 skipped)
  [2914/3876] Dennis R. Verville → id=8023 score=91.9 | +6 reviews (0 skipped)
  [2916/3876] Carrie Steiner → id=5181 score=87.5 | +1 reviews (0 skipped)
  [2932/3876] Dr. Deepti Shenoi → id=777 score=100.0 | +1 reviews (0 skipped)
  [2943/3876] Dr. Aarti Mehta → id=4560 score=93.8 | +3 reviews (0 skipped)
  [2950/3876] Anjali Soni — no match
  [2955/3876] Dr. Sean D. Conrin → id=1862 score=97.1 | +3 reviews (0 skipped)
  [2977/3876] Dr. Mark Neahring → id=1013 score=91.9 | +1 reviews (0 skipped)
  [2980/3876] Dr. Courtney Romba → id=3033 score=88.2 | +1 reviews (0 skipped)
  [2996/3876] Dr. Jonathan P. Kolakowski → id=2743 score=90.9 | +1 reviews (0 skipped)
  [3000/3876] Dr. Jeffrey C. Mirsky → id=467 score=85.1 | +2 reviews (0 skipped)
  [3014/3876] Dr. Renee Cook → id=2128 score=93.3 | +3 reviews (0 skipped)
  [3027/3876] Yehuda Smolarcik → id=11220 score=88.9 | +2 reviews (0 skipped)
  [3042/3876] Francesco Belviso → id=7768 score=89.5 | +7 reviews (0 skipped)
  [3050/3876] Charles D. Brewer — no match
  [3127/3876] Kevin M. Krippner → id=11314 score=86.5 | +2 reviews (0 skipped)
  [3147/3876] Dr. Luciana Ribeiro → id=334 score=100.0 | +1 reviews (0 skipped)
  [3150/3876] Kenneth R. Crossman — no match
  [3157/3876] Rashmi Pandey → id=4709 score=86.7 | +10 reviews (0 skipped)
  [3171/3876] Carrie L. Steiner → id=5181 score=91.4 | +1 reviews (0 skipped)
  [3174/3876] Dr. Richard Wolff → id=747 score=94.4 | +1 reviews (0 skipped)
  [3175/3876] Dr. Richard Wolff → id=747 score=94.4 | +0 reviews (0 skipped)
  [3184/3876] Claudio G. Altman → id=5862 score=86.5 | +1 reviews (0 skipped)
  [3190/3876] Janelle A. Hammer → id=4797 score=85.0 | +1 reviews (0 skipped)
  [3192/3876] Dr. Leslie F. Herman → id=502 score=97.4 | +5 reviews (1 skipped)
  [3200/3876] Dr. Toya D. Roberson → id=3065 score=86.4 | +0 reviews (0 skipped)
  [3201/3876] Dr. Robert B. Lloyd → id=907 score=87.8 | +2 reviews (0 skipped)
  [3215/3876] Dr. Juliet J. Spelman → id=31 score=100.0 | +10 reviews (0 skipped)
  [3216/3876] Dr. Petrit Ndrio → id=91 score=100.0 | +4 reviews (0 skipped)
  [3250/3876] Dr. Tom P. Vadakara → id=3013 score=90.0 | +0 reviews (0 skipped)
  [3300/3876] Patrick Gunderson → id=8097 score=89.5 | +0 reviews (0 skipped)
  [3306/3876] Lindsay Brauer → id=5779 score=87.5 | +1 reviews (0 skipped)
  [3309/3876] Dr. Johnny Williamson → id=25 score=100.0 | +1 reviews (0 skipped)
  [3334/3876] Shannon L. Calvert Osuchowski → id=5555 score=86.2 | +1 reviews (0 skipped)
  [3350/3876] Robert Neufeld — no match
  [3368/3876] Dr. Lisa Pellegrini → id=63 score=95.0 | +1 reviews (0 skipped)
  [3373/3876] Lara J. Jakobsons → id=5551 score=91.4 | +1 reviews (0 skipped)
  [3375/3876] Ilene Berns-Zare → id=6003 score=88.9 | +0 reviews (0 skipped)
  [3386/3876] Dr. Marta E. Banegas → id=417 score=86.4 | +1 reviews (0 skipped)
  [3399/3876] Dr. Atula Sharma → id=73 score=100.0 | +10 reviews (0 skipped)
  [3400/3876] Dr. Joyce R. Miller → id=228 score=97.3 | +0 reviews (0 skipped)
  [3402/3876] Dr. Robert A. Greendale → id=5219 score=87.8 | +5 reviews (0 skipped)
  [3404/3876] Dr. Robert Grunsten → id=506 score=100.0 | +2 reviews (0 skipped)
  [3409/3876] Dr. Michael S. Shapiro → id=3155 score=91.3 | +4 reviews (0 skipped)
  [3411/3876] Dr. Zoya Kosman → id=2729 score=100.0 | +8 reviews (0 skipped)
  [3412/3876] Dr. Feiteng Su → id=469 score=100.0 | +1 reviews (0 skipped)
  [3413/3876] Dr. Andrew J. Heritch → id=711 score=93.0 | +1 reviews (0 skipped)
  [3421/3876] Dr. Ramon Alvarez-Leonardo → id=122 score=96.0 | +7 reviews (0 skipped)
  [3423/3876] Dr. Barry L. Childress → id=903 score=93.3 | +8 reviews (0 skipped)
  [3424/3876] Dr. Karam Radwan → id=4473 score=100.0 | +1 reviews (0 skipped)
  [3425/3876] Dr. Jonathan C. Gamze → id=7 score=85.1 | +10 reviews (0 skipped)
  [3426/3876] Dr. Barry E. Rabin → id=383 score=85.0 | +7 reviews (0 skipped)
  [3430/3876] Dr. Frederick E. Miller → id=136 score=88.0 | +2 reviews (0 skipped)
  [3441/3876] Dr. Steven J. Resis → id=685 score=85.7 | +2 reviews (0 skipped)
  [3442/3876] Dr. Robert M. Sholtes → id=443 score=87.0 | +1 reviews (0 skipped)
  [3446/3876] Dr. Donna M. Woods → id=214 score=87.2 | +1 reviews (0 skipped)
  [3450/3876] Dr. Mary E. Lake — no match
  [3452/3876] Dr. Bruce L. Dresner → id=2575 score=92.7 | +3 reviews (0 skipped)
  [3458/3876] Dr. Raju N. Paturi → id=143 score=90.9 | +3 reviews (0 skipped)
  [3459/3876] Dr. David A. Wight → id=6119 score=88.9 | +10 reviews (0 skipped)
  [3463/3876] Dr. Virginia J. Moody → id=947 score=97.6 | +2 reviews (0 skipped)
  [3472/3876] Dr. Robert C. Marks → id=4331 score=90.0 | +2 reviews (0 skipped)
  [3474/3876] Dr. Elizabeth M. Faulconer → id=913 score=98.0 | +1 reviews (0 skipped)
  [3476/3876] Dr. Yakov Gertsberg → id=4519 score=100.0 | +1 reviews (0 skipped)
  [3479/3876] Dr. Guoshi C. Zhang → id=1781 score=87.8 | +6 reviews (0 skipped)
  [3483/3876] Dr. Cyrus D. Solhkhah → id=4547 score=87.0 | +1 reviews (0 skipped)
  [3484/3876] Ronald J. Ganellen → id=8378 score=87.2 | +10 reviews (0 skipped)
  [3486/3876] Dr. Karen L. Pierce → id=1733 score=92.3 | +1 reviews (0 skipped)
  [3494/3876] Dr. Blaise J. Wolfrum → id=58 score=87.0 | +10 reviews (0 skipped)
  [3496/3876] Dr. Bruce Gober → id=4410 score=87.5 | +1 reviews (0 skipped)
  [3500/3876] Steven A. Meyers — no match
  [3508/3876] Dr. Kimball H. Ladien → id=768 score=88.9 | +1 reviews (0 skipped)
  [3511/3876] Dr. Judith S. Lichtenstein → id=380 score=92.6 | +1 reviews (0 skipped)
  [3515/3876] Dr. Daniel Yohanna → id=112 score=100.0 | +7 reviews (0 skipped)
  [3516/3876] Dr. Theodore B. Handrup → id=1688 score=86.3 | +10 reviews (0 skipped)
  [3522/3876] Dr. Jayarama K. Naidu → id=482 score=85.1 | +2 reviews (0 skipped)
  [3525/3876] Dr. Antoinette Risdon → id=670 score=85.7 | +2 reviews (0 skipped)
  [3528/3876] Dr. Deborah Spitz → id=1923 score=100.0 | +1 reviews (0 skipped)
  [3530/3876] Dr. Charles Kaegi → id=239 score=94.4 | +5 reviews (0 skipped)
  [3531/3876] Dr. Yoglackshan K. Ahluwalia → id=2403 score=93.1 | +2 reviews (0 skipped)
  [3534/3876] Dr. Mark Shukhman → id=11 score=100.0 | +6 reviews (1 skipped)
  [3536/3876] Dr. Vincent A. Sackett → id=129 score=85.7 | +3 reviews (0 skipped)
  [3550/3876] Dr. Charles K. Hawley → id=2003 score=97.6 | +1 reviews (0 skipped)
  [3557/3876] Dr. Jack N. Powitz → id=2637 score=89.5 | +4 reviews (0 skipped)
  [3561/3876] Dr. Jeffrey C. Teich → id=590 score=86.4 | +8 reviews (0 skipped)
  [3562/3876] Dr. Ashok Nigella → id=934 score=94.1 | +1 reviews (0 skipped)
  [3563/3876] Donald C. Sokoloski → id=5059 score=87.8 | +1 reviews (0 skipped)
  [3564/3876] Dr. Fatima Z. Ali → id=157 score=86.5 | +10 reviews (0 skipped)
  [3567/3876] Dr. Henry G. Conroe → id=1920 score=85.7 | +6 reviews (0 skipped)
  [3569/3876] Dr. Nehama Dresner → id=439 score=100.0 | +10 reviews (0 skipped)
  [3570/3876] Dr. Robert J. Fabsik → id=116 score=86.4 | +9 reviews (1 skipped)
  [3576/3876] Dr. David H. Decker → id=727 score=91.4 | +1 reviews (0 skipped)
  [3586/3876] Dr. Paul J. Kachoris → id=2252 score=90.5 | +5 reviews (0 skipped)
  [3590/3876] Dr. Robert B. Shulman → id=115 score=85.1 | +1 reviews (0 skipped)
  [3595/3876] Dr. Catherine M. Fox → id=74 score=90.5 | +2 reviews (0 skipped)
  [3600/3876] Dr. Jayanthi R. Sarma — no match
  [3601/3876] Dr. Fareed Tabatabai → id=13 score=100.0 | +9 reviews (0 skipped)
  [3603/3876] Dr. Gary A. Casaccio → id=644 score=86.4 | +9 reviews (0 skipped)
  [3605/3876] Dr. Michael A. Kuna → id=55 score=97.3 | +1 reviews (0 skipped)
  [3607/3876] Dr. Kenneth P. Phillips → id=358 score=91.7 | +2 reviews (0 skipped)
  [3612/3876] Dr. Peter Alahi → id=130 score=100.0 | +10 reviews (0 skipped)
  [3618/3876] Dr. William J. Giakas → id=699 score=90.9 | +6 reviews (0 skipped)
  [3619/3876] Dr. Reginald A. Givens → id=298 score=87.5 | +1 reviews (0 skipped)
  [3620/3876] Dr. Richard L. Jaconette → id=760 score=88.5 | +1 reviews (0 skipped)
  [3622/3876] Dr. Uma Srivastava → id=4604 score=100.0 | +1 reviews (0 skipped)
  [3625/3876] Dr. Jan Stampley → id=2622 score=100.0 | +0 reviews (0 skipped)
  [3630/3876] Dr. Marjorie S. Ardon → id=2170 score=97.6 | +2 reviews (0 skipped)
  [3631/3876] Dr. Sandeep N. Gaonkar → id=197 score=92.7 | +1 reviews (0 skipped)
  [3632/3876] Dr. Caroline M. Morrison → id=857 score=97.9 | +6 reviews (0 skipped)
  [3643/3876] Dr. Donna Luchetta → id=589 score=85.7 | +1 reviews (0 skipped)
  [3650/3876] Dr. Robert W. Burton — no match
  [3658/3876] Dr. Shaukat Jamal → id=512 score=100.0 | +1 reviews (0 skipped)
  [3659/3876] Dr. Robert W. Bloom → id=674 score=87.8 | +4 reviews (0 skipped)
  [3662/3876] Dr. David M. Sloven → id=479 score=90.0 | +4 reviews (0 skipped)
  [3663/3876] Dr. Marc H. Slutsky → id=2039 score=90.0 | +6 reviews (0 skipped)
  [3665/3876] Dr. Robert A. Sobut → id=775 score=100.0 | +1 reviews (0 skipped)
  [3674/3876] Dr. Marek Walczyk → id=794 score=100.0 | +4 reviews (0 skipped)
  [3675/3876] Dr. Jeffrey D. Watts → id=4605 score=88.4 | +0 reviews (0 skipped)
  [3683/3876] Dr. Karen B. Zemanick → id=2646 score=90.9 | +9 reviews (0 skipped)
  [3685/3876] Dr. Choudary V. Kavuri → id=1845 score=97.7 | +5 reviews (0 skipped)
  [3687/3876] Dr. Sarz Maxwell → id=2307 score=100.0 | +1 reviews (0 skipped)
  [3692/3876] Dr. Alexander Morrill → id=776 score=100.0 | +2 reviews (0 skipped)
  [3695/3876] Dr. Victoria Nee → id=458 score=100.0 | +3 reviews (0 skipped)
  [3700/3876] Dr. Joseph Pasic → id=761 score=90.3 | +0 reviews (0 skipped)
  [3712/3876] Dr. Helena M. Radomska → id=1706 score=97.7 | +4 reviews (0 skipped)
  [3713/3876] Dr. John T. Raftery → id=2922 score=85.7 | +2 reviews (0 skipped)
  [3726/3876] Dr. Christopher Scandinaro → id=597 score=100.0 | +3 reviews (0 skipped)
  [3730/3876] Dr. Sandra L. Sheinin → id=669 score=90.9 | +1 reviews (0 skipped)
  [3731/3876] Dr. Haidari Shikari → id=1927 score=95.0 | +1 reviews (0 skipped)
  [3735/3876] Dr. Laurie B. Goldman → id=517 score=90.9 | +10 reviews (0 skipped)
  [3739/3876] Dr. Emily M. Hoag → id=2848 score=88.9 | +1 reviews (0 skipped)
  [3742/3876] Dr. Zabrin Inan → id=4303 score=100.0 | +8 reviews (0 skipped)
  [3745/3876] Dr. Stephen Dinwiddie → id=998 score=93.3 | +6 reviews (0 skipped)
  [3746/3876] Dr. Laura Parise → id=201 score=100.0 | +10 reviews (0 skipped)
  [3747/3876] Dr. Robert Kulkarni → id=501 score=95.0 | +8 reviews (0 skipped)
  [3748/3876] Dr. David R. Edelstein → id=370 score=85.7 | +2 reviews (0 skipped)
  [3749/3876] Dr. Suzanne K. Cooperman → id=253 score=97.9 | +3 reviews (0 skipped)
  [3750/3876] Dr. Jennifer Zinke → id=1185 score=86.5 | +1 reviews (0 skipped)
  [3751/3876] Dr. Joseph L. Kut → id=28 score=97.0 | +10 reviews (0 skipped)
  [3752/3876] Dr. Jayanthi R. Smucker → id=2329 score=97.8 | +9 reviews (0 skipped)
  [3753/3876] Dr. Dennis Gelyana → id=51 score=100.0 | +1 reviews (0 skipped)
  [3755/3876] John D. Mead → id=5917 score=88.9 | +10 reviews (0 skipped)
  [3757/3876] Dr. Michael Rachman → id=580 score=95.0 | +9 reviews (0 skipped)
  [3758/3876] Dr. Martin N. Paisner → id=1680 score=90.9 | +7 reviews (0 skipped)
  [3760/3876] Dr. Steve R. Lobacz → id=411 score=90.0 | +10 reviews (0 skipped)
  [3761/3876] Dr. Evangeline Guzman → id=2335 score=85.7 | +8 reviews (0 skipped)
  [3762/3876] Kathleen A. Krupica → id=5585 score=88.4 | +9 reviews (0 skipped)
  [3764/3876] Leonard F. Koziol → id=6812 score=86.5 | +2 reviews (0 skipped)
  [3765/3876] Dr. Richard A. Crane → id=4405 score=90.5 | +4 reviews (0 skipped)
  [3767/3876] James D. Stewart → id=11366 score=91.4 | +1 reviews (0 skipped)
  [3768/3876] Dr. Paulette C. Trum → id=421 score=97.4 | +4 reviews (0 skipped)
  [3769/3876] Dr. Peter T. Hsin → id=105 score=91.4 | +8 reviews (2 skipped)
  [3773/3876] Dr. Caroline A. Loeb → id=1752 score=92.7 | +3 reviews (0 skipped)
  [3774/3876] Dr. Michael Ziffra → id=222 score=92.3 | +5 reviews (0 skipped)
  [3776/3876] Dr. Laura K. Shea → id=242 score=86.5 | +2 reviews (0 skipped)
  [3778/3876] Dr. Amanda Mead → id=4986 score=100.0 | +2 reviews (0 skipped)
  [3779/3876] Dr. Ashley Welch → id=4661 score=100.0 | +1 reviews (0 skipped)
  [3787/3876] Dr. Ankita Sharma → id=3254 score=100.0 | +1 reviews (0 skipped)
  [3800/3876] Dr. Dawn Porter → id=2648 score=100.0 | +0 reviews (0 skipped)
  [3820/3876] Dr. Juan Romero Gaddi → id=2737 score=93.3 | +2 reviews (0 skipped)
  [3833/3876] Mark D. Parisi → id=7887 score=90.3 | +2 reviews (0 skipped)
  [3834/3876] Dr. Mark Edward Neahring → id=1013 score=86.4 | +3 reviews (0 skipped)
  [3840/3876] Melanie J. Thakkar → id=5077 score=91.9 | +2 reviews (0 skipped)
  [3850/3876] Nikki Falk — no match
  [3861/3876] Dr. Saba Syed → id=1634 score=100.0 | +1 reviews (0 skipped)

============================================================
  URLs discovered    : 3876
  Profiles processed : 3876
  Matched            : 1675
  Unmatched          : 2138
  Reviews inserted   : 1381
  Reviews skipped    : 19 (already existed)
============================================================
  webmd.db           : UNTOUCHED
  ratemds_test.db    : updated
