Using Expo modules
[Expo] Enabling modular headers for pod ExpoModulesCore
[Expo] Enabling modular headers for pod ReactCommon
[Expo] Enabling modular headers for pod React-Core
[Expo] Enabling modular headers for pod React-RCTAppDelegate
[Expo] Enabling modular headers for pod expo-dev-menu-interface
[Expo] Enabling modular headers for pod EXManifests
[Expo] Enabling modular headers for pod EXUpdatesInterface
[Expo] Enabling modular headers for pod expo-dev-menu
[Expo] Enabling modular headers for pod React-jsinspector
[Expo] Enabling modular headers for pod RCT-Folly
[Expo] Enabling modular headers for pod glog
[Expo] Enabling modular headers for pod React-RCTFabric
[Expo] Enabling modular headers for pod React-Codegen
[Expo] Enabling modular headers for pod RCTRequired
[Expo] Enabling modular headers for pod RCTTypeSafety
[Expo] Enabling modular headers for pod React-NativeModulesApple
[Expo] Enabling modular headers for pod Yoga
[Expo] Enabling modular headers for pod React-Fabric
[Expo] Enabling modular headers for pod React-graphics
[Expo] Enabling modular headers for pod React-utils
[Expo] Enabling modular headers for pod React-featureflags
[Expo] Enabling modular headers for pod React-debug
[Expo] Enabling modular headers for pod React-ImageManager
[Expo] Enabling modular headers for pod React-rendererdebug
[Expo] Enabling modular headers for pod DoubleConversion
[Expo] Enabling modular headers for pod hermes-engine
[Expo] Enabling modular headers for pod expo-dev-launcher
Auto-linking React Native modules for target `MindPath`: RNCAsyncStorage, RNGestureHandler, RNScreens, RNVectorIcons, livekit-react-native-webrtc, and react-native-safe-area-context
Framework build type is static library
[Codegen] Adding script_phases to React-Codegen.
[Codegen] Generating ./build/generated/ios/React-Codegen.podspec.json
[Codegen] Analyzing /Users/neerajvp/Downloads/mentalhealth/mindpath/package.json
[Codegen] Searching for codegen-enabled libraries in the app.
[Codegen] The "codegenConfig" field is not defined in package.json. Assuming there is nothing to generate at the app level.
[Codegen] Searching for codegen-enabled libraries in the project dependencies.
[Codegen] Found @react-native-async-storage/async-storage
[Codegen] Found react-native
[Codegen] Found react-native-gesture-handler
[Codegen] Found react-native-safe-area-context
[Codegen] Found react-native-screens


[Codegen] >>>>> Searching for codegen-enabled libraries in react-native.config.js
[Codegen] Processing rnasyncstorage
[Codegen] Searching for podspec in the project dependencies.
[Codegen] Supported Apple platforms: ios, macos, tvos, visionos for rnasyncstorage
[Codegen] Processing FBReactNativeSpec
[Codegen] Searching for podspec in the project dependencies.
[Codegen] Processing rncore
[Codegen] Searching for podspec in the project dependencies.
[Codegen] Processing rngesturehandler_codegen
[Codegen] Searching for podspec in the project dependencies.
[Codegen] Supported Apple platforms: ios, macos, tvos, visionos for rngesturehandler_codegen
[Codegen] Processing safeareacontext
[Codegen] Searching for podspec in the project dependencies.
[Codegen] Supported Apple platforms: ios, tvos, visionos for safeareacontext
[Codegen] Processing rnscreens
[Codegen] Searching for podspec in the project dependencies.
[Codegen] Supported Apple platforms: ios, tvos, visionos for rnscreens
[Codegen] Generating Native Code for ios
[Codegen] Generated artifacts: /Users/neerajvp/Downloads/mentalhealth/mindpath/ios/build/generated/ios
[Codegen] Generating Native Code for ios
[Codegen] Generated artifacts: /Users/neerajvp/Downloads/mentalhealth/mindpath/ios/build/generated/ios
[Codegen] Generating Native Code for ios
[Codegen] Generated artifacts: /Users/neerajvp/Downloads/mentalhealth/mindpath/node_modules/react-native/ReactCommon
[Codegen] Generating Native Code for ios
[Codegen] Generated artifacts: /Users/neerajvp/Downloads/mentalhealth/mindpath/ios/build/generated/ios
[Codegen] Generating Native Code for ios
[Codegen] Generated artifacts: /Users/neerajvp/Downloads/mentalhealth/mindpath/ios/build/generated/ios
[Codegen] Generating Native Code for ios
[Codegen] Generated artifacts: /Users/neerajvp/Downloads/mentalhealth/mindpath/ios/build/generated/ios
[Codegen] Creating component provider.
[Codegen] Generated provider in: /Users/neerajvp/Downloads/mentalhealth/mindpath/node_modules/react-native/React/Fabric
[Codegen] Done.
Analyzing dependencies
Fetching podspec for `DoubleConversion` from `../node_modules/react-native/third-party-podspecs/DoubleConversion.podspec`
Fetching podspec for `RCT-Folly` from `../node_modules/react-native/third-party-podspecs/RCT-Folly.podspec`
Fetching podspec for `boost` from `../node_modules/react-native/third-party-podspecs/boost.podspec`
Fetching podspec for `fmt` from `../node_modules/react-native/third-party-podspecs/fmt.podspec`
Fetching podspec for `glog` from `../node_modules/react-native/third-party-podspecs/glog.podspec`
Downloading dependencies
Installing DoubleConversion (1.1.6)
Installing EXAV (14.0.7)
Installing EXConstants (16.0.2)
Installing EXJSONUtils (0.13.1)
Installing EXLocation (17.0.1)
Installing EXManifests (0.14.3)
Installing EXSplashScreen (0.27.7)
Installing EXUpdatesInterface (0.16.2)
Installing Expo (51.0.39)
Installing ExpoAsset (10.0.10)
Installing ExpoFileSystem (17.0.1)
Installing ExpoFont (12.0.10)
Installing ExpoKeepAwake (13.0.2)
Installing ExpoLinearGradient (13.0.2)
Installing ExpoModulesCore (1.12.26)
Installing ExpoSpeech (12.0.2)
Installing FBLazyVector (0.74.5)
Installing RCT-Folly (2024.01.01.00)
Installing RCTDeprecation (0.74.5)
Installing RCTRequired (0.74.5)
Installing RCTTypeSafety (0.74.5)
Installing RNCAsyncStorage (1.23.1)
Installing RNGestureHandler (2.16.2)
Installing RNScreens (3.31.1)
Installing RNVectorIcons (9.2.0)
Installing React (0.74.5)
Installing React-Codegen (0.74.5)
Installing React-Core (0.74.5)
Installing React-CoreModules (0.74.5)
Installing React-Fabric (0.74.5)
Installing React-FabricImage (0.74.5)
Installing React-ImageManager (0.74.5)
Installing React-Mapbuffer (0.74.5)
Installing React-NativeModulesApple (0.74.5)
Installing React-RCTActionSheet (0.74.5)
Installing React-RCTAnimation (0.74.5)
Installing React-RCTAppDelegate (0.74.5)
Installing React-RCTBlob (0.74.5)
Installing React-RCTFabric (0.74.5)
Installing React-RCTImage (0.74.5)
Installing React-RCTLinking (0.74.5)
Installing React-RCTNetwork (0.74.5)
Installing React-RCTSettings (0.74.5)
Installing React-RCTText (0.74.5)
Installing React-RCTVibration (0.74.5)
Installing React-RuntimeApple (0.74.5)
Installing React-RuntimeCore (0.74.5)
Installing React-callinvoker (0.74.5)
Installing React-cxxreact (0.74.5)
Installing React-debug (0.74.5)
Installing React-featureflags (0.74.5)
Installing React-graphics (0.74.5)
Installing React-jsc (0.74.5)
Installing React-jserrorhandler (0.74.5)
Installing React-jsi (0.74.5)
Installing React-jsiexecutor (0.74.5)
Installing React-jsinspector (0.74.5)
Installing React-jsitracing (0.74.5)
Installing React-logger (0.74.5)
Installing React-nativeconfig (0.74.5)
Installing React-perflogger (0.74.5)
Installing React-rendererdebug (0.74.5)
Installing React-rncore (0.74.5)
Installing React-runtimeexecutor (0.74.5)
Installing React-runtimescheduler (0.74.5)
Installing React-utils (0.74.5)
Installing ReactCommon (0.74.5)
Installing SocketRocket (0.7.0)
Installing WebRTC-SDK (137.7151.09)
Installing Yoga (0.0.0)
Installing boost (1.83.0)
Installing expo-dev-client (4.0.29)
Installing expo-dev-launcher (4.0.29)
Installing expo-dev-menu (5.0.23)
Installing expo-dev-menu-interface (1.8.4)
Installing fmt (9.1.0)
Installing glog (0.3.5)
Installing livekit-react-native-webrtc (137.0.3)
Installing react-native-safe-area-context (4.10.5)
Generating Pods project
Setting USE_HERMES build settings
Setting REACT_NATIVE build settings
[Ccache]: Removing Ccache from CC, LD, CXX & LDPLUSPLUS build settings
[Privacy Manifest Aggregation] No existing PrivacyInfo.xcprivacy file found, creating a new one.
[Privacy Manifest Aggregation] Reading .xcprivacy files to aggregate all used Required Reason APIs.
Setting CLANG_CXX_LANGUAGE_STANDARD to c++20 on /Users/neerajvp/Downloads/mentalhealth/mindpath/ios/MindPath.xcodeproj
Pod install took 14 [s] to run
Integrating client project

[!] Please close any current Xcode sessions and use `MindPath.xcworkspace` for this project from now on.
[Expo] Installing the build script for target MindPath
Patching imports for file: /Users/neerajvp/Downloads/mentalhealth/mindpath/node_modules/react-native-vector-icons/RNVectorIconsManager/RNVectorIconsManager.h
Patching imports for file: /Users/neerajvp/Downloads/mentalhealth/mindpath/node_modules/react-native-vector-icons/RNVectorIconsManager/RNVectorIconsManager.m
expo_patch_react_imports! took 0.075 seconds to transform files.
Pod installation complete! There are 79 dependencies from the Podfile and 79 total pods installed.

[!] [Codegen] warn: using experimental new codegen integration

[!] `<PBXResourcesBuildPhase UUID=`13B07F8E1A680F5B00A75B9A`>` attempted to initialize an object with an unknown UUID. `70E623027105481AA318AB15` for attribute: `files`. This can be the result of a merge and the unknown UUID is being discarded.

[!] Can't merge pod_target_xcconfig for pod targets: ["expo-dev-menu", "Main", "ReactNativeCompatibles", "SafeAreaView", "Vendored"]. Singular build setting DEFINES_MODULE has different values.

[!] Can't merge pod_target_xcconfig for pod targets: ["expo-dev-menu", "Main", "ReactNativeCompatibles", "SafeAreaView", "Vendored"]. Singular build setting DEFINES_MODULE has different values.
