  $ /Users/neerajvp/.nvm/versions/node/v20.19.6/bin/node -p require.resolve(     "@react-native-community/cli-platform-ios/native_modules.rb",     {paths: [process.argv[1]]},   ) /Users/neerajvp/Downloads/mentalhealth/mindpath/node_modules/react-native/scripts
  /Users/neerajvp/Downloads/mentalhealth/mindpath/node_modules/@react-native-community/cli-platform-ios/native_modules.rb

Using Expo modules
  — expo (51.0.39)
  [Expo] Enabling modular headers for pod ExpoModulesCore
  — expo-asset (10.0.10)
  [Expo] Enabling modular headers for pod ReactCommon
  — expo-av (14.0.7)
  — expo-constants (16.0.2)
  — expo-dev-client (4.0.29)
  [Expo] Enabling modular headers for pod React-Core
  [Expo] Enabling modular headers for pod React-RCTAppDelegate
  [Expo] Enabling modular headers for pod expo-dev-menu-interface
  [Expo] Enabling modular headers for pod EXManifests
  [Expo] Enabling modular headers for pod EXUpdatesInterface
  [Expo] Enabling modular headers for pod expo-dev-menu
  [Expo] Enabling modular headers for pod React-jsinspector
  [Expo] Enabling modular headers for pod RCT-Folly
  [Expo] Enabling modular headers for pod glog
  [Expo] Enabling modular headers for pod React-RCTFabric
  [Expo] Enabling modular headers for pod React-Codegen
  [Expo] Enabling modular headers for pod RCTRequired
  [Expo] Enabling modular headers for pod RCTTypeSafety
  [Expo] Enabling modular headers for pod React-NativeModulesApple
  [Expo] Enabling modular headers for pod Yoga
  [Expo] Enabling modular headers for pod React-Fabric
  [Expo] Enabling modular headers for pod React-graphics
  [Expo] Enabling modular headers for pod React-utils
  [Expo] Enabling modular headers for pod React-featureflags
  [Expo] Enabling modular headers for pod React-debug
  [Expo] Enabling modular headers for pod React-ImageManager
  [Expo] Enabling modular headers for pod React-rendererdebug
  [Expo] Enabling modular headers for pod DoubleConversion
  [Expo] Enabling modular headers for pod hermes-engine
  [Expo] Enabling modular headers for pod expo-dev-launcher
  — expo-dev-launcher (4.0.29)
  — expo-dev-menu (5.0.23)
  — expo-dev-menu-interface (1.8.4)
  — expo-file-system (17.0.1)
  — expo-font (12.0.10)
  — expo-json-utils (0.13.1)
  — expo-keep-awake (13.0.2)
  — expo-linear-gradient (13.0.2)
  — expo-location (17.0.1)
  — expo-manifests (0.14.3)
  — expo-modules-core (1.12.26)
  — expo-speech (12.0.2)
  — expo-splash-screen (0.27.7)
  $ /Users/neerajvp/.nvm/versions/node/v20.19.6/bin/node -e try {console.log(require('@react-native-community/cli').bin);} catch (e) {console.log(require('react-native/cli').bin);}
  /Users/neerajvp/Downloads/mentalhealth/mindpath/node_modules/@react-native-community/cli/build/bin.js
Auto-linking React Native modules for target `MindPath`: RNCAsyncStorage, RNGestureHandler, RNScreens, RNVectorIcons, livekit-react-native-webrtc, and react-native-safe-area-context
Framework build type is static library
[Codegen] Adding script_phases to React-Codegen.
  $ /bin/mkdir -p ./build/generated/ios
[Codegen] Generating ./build/generated/ios/React-Codegen.podspec.json
  $ /Users/neerajvp/.nvm/versions/node/v20.19.6/bin/node ./../node_modules/react-native/scripts/generate-codegen-artifacts.js -p /Users/neerajvp/Downloads/mentalhealth/mindpath/ios/.. -o /Users/neerajvp/Downloads/mentalhealth/mindpath/ios -t ios
  [Codegen] Analyzing /Users/neerajvp/Downloads/mentalhealth/mindpath/package.json
  [Codegen] Searching for codegen-enabled libraries in the app.
  [Codegen] The "codegenConfig" field is not defined in package.json. Assuming there is nothing to generate at the app level.
  [Codegen] Searching for codegen-enabled libraries in the project dependencies.
  [Codegen] Found @react-native-async-storage/async-storage
  [Codegen] Found react-native
  [Codegen] Found react-native-gesture-handler
  [Codegen] Found react-native-safe-area-context
  [Codegen] Found react-native-screens
  
  
  [Codegen] >>>>> Searching for codegen-enabled libraries in react-native.config.js
  [Codegen] Processing rnasyncstorage
  [Codegen] Searching for podspec in the project dependencies.
  [Codegen] Supported Apple platforms: ios, macos, tvos, visionos for rnasyncstorage
  [Codegen] Processing FBReactNativeSpec
  [Codegen] Searching for podspec in the project dependencies.
  [Codegen] Processing rncore
  [Codegen] Searching for podspec in the project dependencies.
  [Codegen] Processing rngesturehandler_codegen
  [Codegen] Searching for podspec in the project dependencies.
  [Codegen] Supported Apple platforms: ios, macos, tvos, visionos for rngesturehandler_codegen
  [Codegen] Processing safeareacontext
  [Codegen] Searching for podspec in the project dependencies.
  [Codegen] Supported Apple platforms: ios, tvos, visionos for safeareacontext
  [Codegen] Processing rnscreens
  [Codegen] Searching for podspec in the project dependencies.
  [Codegen] Supported Apple platforms: ios, tvos, visionos for rnscreens
  [Codegen] Generating Native Code for ios
  [Codegen] Generated artifacts: /Users/neerajvp/Downloads/mentalhealth/mindpath/ios/build/generated/ios
  [Codegen] Generating Native Code for ios
  [Codegen] Generated artifacts: /Users/neerajvp/Downloads/mentalhealth/mindpath/ios/build/generated/ios
  [Codegen] Generating Native Code for ios
  [Codegen] Generated artifacts: /Users/neerajvp/Downloads/mentalhealth/mindpath/node_modules/react-native/ReactCommon
  [Codegen] Generating Native Code for ios
  [Codegen] Generated artifacts: /Users/neerajvp/Downloads/mentalhealth/mindpath/ios/build/generated/ios
  [Codegen] Generating Native Code for ios
  [Codegen] Generated artifacts: /Users/neerajvp/Downloads/mentalhealth/mindpath/ios/build/generated/ios
  [Codegen] Generating Native Code for ios
  [Codegen] Generated artifacts: /Users/neerajvp/Downloads/mentalhealth/mindpath/ios/build/generated/ios
  [Codegen] Creating component provider.
  [Codegen] Generated provider in: /Users/neerajvp/Downloads/mentalhealth/mindpath/node_modules/react-native/React/Fabric
  [Codegen] Done.
[Codegen] Analyzing /Users/neerajvp/Downloads/mentalhealth/mindpath/package.json
[Codegen] Searching for codegen-enabled libraries in the app.
[Codegen] The "codegenConfig" field is not defined in package.json. Assuming there is nothing to generate at the app level.
[Codegen] Searching for codegen-enabled libraries in the project dependencies.
[Codegen] Found @react-native-async-storage/async-storage
[Codegen] Found react-native
[Codegen] Found react-native-gesture-handler
[Codegen] Found react-native-safe-area-context
[Codegen] Found react-native-screens


[Codegen] >>>>> Searching for codegen-enabled libraries in react-native.config.js
[Codegen] Processing rnasyncstorage
[Codegen] Searching for podspec in the project dependencies.
[Codegen] Supported Apple platforms: ios, macos, tvos, visionos for rnasyncstorage
[Codegen] Processing FBReactNativeSpec
[Codegen] Searching for podspec in the project dependencies.
[Codegen] Processing rncore
[Codegen] Searching for podspec in the project dependencies.
[Codegen] Processing rngesturehandler_codegen
[Codegen] Searching for podspec in the project dependencies.
[Codegen] Supported Apple platforms: ios, macos, tvos, visionos for rngesturehandler_codegen
[Codegen] Processing safeareacontext
[Codegen] Searching for podspec in the project dependencies.
[Codegen] Supported Apple platforms: ios, tvos, visionos for safeareacontext
[Codegen] Processing rnscreens
[Codegen] Searching for podspec in the project dependencies.
[Codegen] Supported Apple platforms: ios, tvos, visionos for rnscreens
[Codegen] Generating Native Code for ios
[Codegen] Generated artifacts: /Users/neerajvp/Downloads/mentalhealth/mindpath/ios/build/generated/ios
[Codegen] Generating Native Code for ios
[Codegen] Generated artifacts: /Users/neerajvp/Downloads/mentalhealth/mindpath/ios/build/generated/ios
[Codegen] Generating Native Code for ios
[Codegen] Generated artifacts: /Users/neerajvp/Downloads/mentalhealth/mindpath/node_modules/react-native/ReactCommon
[Codegen] Generating Native Code for ios
[Codegen] Generated artifacts: /Users/neerajvp/Downloads/mentalhealth/mindpath/ios/build/generated/ios
[Codegen] Generating Native Code for ios
[Codegen] Generated artifacts: /Users/neerajvp/Downloads/mentalhealth/mindpath/ios/build/generated/ios
[Codegen] Generating Native Code for ios
[Codegen] Generated artifacts: /Users/neerajvp/Downloads/mentalhealth/mindpath/ios/build/generated/ios
[Codegen] Creating component provider.
[Codegen] Generated provider in: /Users/neerajvp/Downloads/mentalhealth/mindpath/node_modules/react-native/React/Fabric
[Codegen] Done.
  Preparing

Analyzing dependencies

Inspecting targets to integrate
  Using `ARCHS` setting to build architectures of target `Pods-MindPath`: (``)

Fetching external sources
-> Fetching podspec for `DoubleConversion` from `../node_modules/react-native/third-party-podspecs/DoubleConversion.podspec`
-> Fetching podspec for `EXAV` from `../node_modules/expo-av/ios`
-> Fetching podspec for `EXConstants` from `../node_modules/expo-constants/ios`
-> Fetching podspec for `EXJSONUtils` from `../node_modules/expo-json-utils/ios`
-> Fetching podspec for `EXLocation` from `../node_modules/expo-location/ios`
-> Fetching podspec for `EXManifests` from `../node_modules/expo-manifests/ios`
-> Fetching podspec for `EXSplashScreen` from `../node_modules/expo-splash-screen/ios`
-> Fetching podspec for `EXUpdatesInterface` from `../node_modules/expo-updates-interface/ios`
-> Fetching podspec for `Expo` from `../node_modules/expo`
-> Fetching podspec for `ExpoAsset` from `../node_modules/expo-asset/ios`
-> Fetching podspec for `ExpoFileSystem` from `../node_modules/expo-file-system/ios`
-> Fetching podspec for `ExpoFont` from `../node_modules/expo-font/ios`
-> Fetching podspec for `ExpoKeepAwake` from `../node_modules/expo-keep-awake/ios`
-> Fetching podspec for `ExpoLinearGradient` from `../node_modules/expo-linear-gradient/ios`
-> Fetching podspec for `ExpoModulesCore` from `../node_modules/expo-modules-core`
-> Fetching podspec for `ExpoSpeech` from `../node_modules/expo-speech/ios`
-> Fetching podspec for `FBLazyVector` from `../node_modules/react-native/Libraries/FBLazyVector`
-> Fetching podspec for `RCT-Folly` from `../node_modules/react-native/third-party-podspecs/RCT-Folly.podspec`
-> Fetching podspec for `RCTDeprecation` from `../node_modules/react-native/ReactApple/Libraries/RCTFoundation/RCTDeprecation`
-> Fetching podspec for `RCTRequired` from `../node_modules/react-native/Libraries/Required`
-> Fetching podspec for `RCTTypeSafety` from `../node_modules/react-native/Libraries/TypeSafety`
-> Fetching podspec for `RNCAsyncStorage` from `../node_modules/@react-native-async-storage/async-storage`
-> Fetching podspec for `RNGestureHandler` from `../node_modules/react-native-gesture-handler`
-> Fetching podspec for `RNScreens` from `../node_modules/react-native-screens`
-> Fetching podspec for `RNVectorIcons` from `../node_modules/react-native-vector-icons`
-> Fetching podspec for `React` from `../node_modules/react-native/`
-> Fetching podspec for `React-Codegen` from `build/generated/ios`
-> Fetching podspec for `React-Core` from `../node_modules/react-native/`
-> Fetching podspec for `React-CoreModules` from `../node_modules/react-native/React/CoreModules`
-> Fetching podspec for `React-Fabric` from `../node_modules/react-native/ReactCommon`
-> Fetching podspec for `React-FabricImage` from `../node_modules/react-native/ReactCommon`
-> Fetching podspec for `React-ImageManager` from `../node_modules/react-native/ReactCommon/react/renderer/imagemanager/platform/ios`
-> Fetching podspec for `React-Mapbuffer` from `../node_modules/react-native/ReactCommon`
-> Fetching podspec for `React-NativeModulesApple` from `../node_modules/react-native/ReactCommon/react/nativemodule/core/platform/ios`
-> Fetching podspec for `React-RCTActionSheet` from `../node_modules/react-native/Libraries/ActionSheetIOS`
-> Fetching podspec for `React-RCTAnimation` from `../node_modules/react-native/Libraries/NativeAnimation`
-> Fetching podspec for `React-RCTAppDelegate` from `../node_modules/react-native/Libraries/AppDelegate`
-> Fetching podspec for `React-RCTBlob` from `../node_modules/react-native/Libraries/Blob`
-> Fetching podspec for `React-RCTFabric` from `../node_modules/react-native/React`
-> Fetching podspec for `React-RCTImage` from `../node_modules/react-native/Libraries/Image`
-> Fetching podspec for `React-RCTLinking` from `../node_modules/react-native/Libraries/LinkingIOS`
-> Fetching podspec for `React-RCTNetwork` from `../node_modules/react-native/Libraries/Network`
-> Fetching podspec for `React-RCTSettings` from `../node_modules/react-native/Libraries/Settings`
-> Fetching podspec for `React-RCTText` from `../node_modules/react-native/Libraries/Text`
-> Fetching podspec for `React-RCTVibration` from `../node_modules/react-native/Libraries/Vibration`
-> Fetching podspec for `React-RuntimeApple` from `../node_modules/react-native/ReactCommon/react/runtime/platform/ios`
-> Fetching podspec for `React-RuntimeCore` from `../node_modules/react-native/ReactCommon/react/runtime`
-> Fetching podspec for `React-callinvoker` from `../node_modules/react-native/ReactCommon/callinvoker`
-> Fetching podspec for `React-cxxreact` from `../node_modules/react-native/ReactCommon/cxxreact`
-> Fetching podspec for `React-debug` from `../node_modules/react-native/ReactCommon/react/debug`
-> Fetching podspec for `React-featureflags` from `../node_modules/react-native/ReactCommon/react/featureflags`
-> Fetching podspec for `React-graphics` from `../node_modules/react-native/ReactCommon/react/renderer/graphics`
-> Fetching podspec for `React-jsc` from `../node_modules/react-native/ReactCommon/jsc`
-> Fetching podspec for `React-jserrorhandler` from `../node_modules/react-native/ReactCommon/jserrorhandler`
-> Fetching podspec for `React-jsi` from `../node_modules/react-native/ReactCommon/jsi`
-> Fetching podspec for `React-jsiexecutor` from `../node_modules/react-native/ReactCommon/jsiexecutor`
-> Fetching podspec for `React-jsinspector` from `../node_modules/react-native/ReactCommon/jsinspector-modern`
-> Fetching podspec for `React-jsitracing` from `../node_modules/react-native/ReactCommon/hermes/executor/`
-> Fetching podspec for `React-logger` from `../node_modules/react-native/ReactCommon/logger`
-> Fetching podspec for `React-nativeconfig` from `../node_modules/react-native/ReactCommon`
-> Fetching podspec for `React-perflogger` from `../node_modules/react-native/ReactCommon/reactperflogger`
-> Fetching podspec for `React-rendererdebug` from `../node_modules/react-native/ReactCommon/react/renderer/debug`
-> Fetching podspec for `React-rncore` from `../node_modules/react-native/ReactCommon`
-> Fetching podspec for `React-runtimeexecutor` from `../node_modules/react-native/ReactCommon/runtimeexecutor`
-> Fetching podspec for `React-runtimescheduler` from `../node_modules/react-native/ReactCommon/react/renderer/runtimescheduler`
-> Fetching podspec for `React-utils` from `../node_modules/react-native/ReactCommon/react/utils`
-> Fetching podspec for `ReactCommon` from `../node_modules/react-native/ReactCommon`
-> Fetching podspec for `Yoga` from `../node_modules/react-native/ReactCommon/yoga`
-> Fetching podspec for `boost` from `../node_modules/react-native/third-party-podspecs/boost.podspec`
-> Fetching podspec for `expo-dev-client` from `../node_modules/expo-dev-client/ios`
-> Fetching podspec for `expo-dev-launcher` from `../node_modules/expo-dev-launcher`
-> Fetching podspec for `expo-dev-menu` from `../node_modules/expo-dev-menu`
-> Fetching podspec for `expo-dev-menu-interface` from `../node_modules/expo-dev-menu-interface/ios`
-> Fetching podspec for `fmt` from `../node_modules/react-native/third-party-podspecs/fmt.podspec`
-> Fetching podspec for `glog` from `../node_modules/react-native/third-party-podspecs/glog.podspec`
-> Fetching podspec for `livekit-react-native-webrtc` from `../node_modules/@livekit/react-native-webrtc`
-> Fetching podspec for `react-native-safe-area-context` from `../node_modules/react-native-safe-area-context`

Resolving dependencies of `Podfile`
  CDN: trunk Relative path: CocoaPods-version.yml exists! Returning local because checking is only performed in repo update
  CDN: trunk Relative path: all_pods_versions_a_9_3.txt exists! Returning local because checking is only performed in repo update
  CDN: trunk Relative path: Specs/a/9/3/SocketRocket/0.7.1/SocketRocket.podspec.json exists! Returning local because checking is only performed in repo update
  CDN: trunk Relative path: all_pods_versions_3_4_4.txt exists! Returning local because checking is only performed in repo update
  CDN: trunk Relative path: Specs/3/4/4/WebRTC-SDK/144.7559.01/WebRTC-SDK.podspec.json exists! Returning local because checking is only performed in repo update
  CDN: trunk Relative path: Specs/3/4/4/WebRTC-SDK/137.7151.09/WebRTC-SDK.podspec.json exists! Returning local because checking is only performed in repo update
  CDN: trunk Relative path: Specs/a/9/3/SocketRocket/0.7.0/SocketRocket.podspec.json exists! Returning local because checking is only performed in repo update

Comparing resolved specification to the sandbox manifest
  A DoubleConversion
  A EXAV
  A EXConstants
  A EXJSONUtils
  A EXLocation
  A EXManifests
  A EXSplashScreen
  A EXUpdatesInterface
  A Expo
  A ExpoAsset
  A ExpoFileSystem
  A ExpoFont
  A ExpoKeepAwake
  A ExpoLinearGradient
  A ExpoModulesCore
  A ExpoSpeech
  A FBLazyVector
  A RCT-Folly
  A RCTDeprecation
  A RCTRequired
  A RCTTypeSafety
  A RNCAsyncStorage
  A RNGestureHandler
  A RNScreens
  A RNVectorIcons
  A React
  A React-Codegen
  A React-Core
  A React-CoreModules
  A React-Fabric
  A React-FabricImage
  A React-ImageManager
  A React-Mapbuffer
  A React-NativeModulesApple
  A React-RCTActionSheet
  A React-RCTAnimation
  A React-RCTAppDelegate
  A React-RCTBlob
  A React-RCTFabric
  A React-RCTImage
  A React-RCTLinking
  A React-RCTNetwork
  A React-RCTSettings
  A React-RCTText
  A React-RCTVibration
  A React-RuntimeApple
  A React-RuntimeCore
  A React-callinvoker
  A React-cxxreact
  A React-debug
  A React-featureflags
  A React-graphics
  A React-jsc
  A React-jserrorhandler
  A React-jsi
  A React-jsiexecutor
  A React-jsinspector
  A React-jsitracing
  A React-logger
  A React-nativeconfig
  A React-perflogger
  A React-rendererdebug
  A React-rncore
  A React-runtimeexecutor
  A React-runtimescheduler
  A React-utils
  A ReactCommon
  A SocketRocket
  A WebRTC-SDK
  A Yoga
  A boost
  A expo-dev-client
  A expo-dev-launcher
  A expo-dev-menu
  A expo-dev-menu-interface
  A fmt
  A glog
  A livekit-react-native-webrtc
  A react-native-safe-area-context

Downloading dependencies

-> Installing DoubleConversion (1.1.6)
  > Copying DoubleConversion from `/Users/neerajvp/Library/Caches/CocoaPods/Pods/External/DoubleConversion/77f51e588bfe0e5c4fa6e9c580da62c6-76ab8` to `Pods/DoubleConversion`

-> Installing EXAV (14.0.7)

-> Installing EXConstants (16.0.2)

-> Installing EXJSONUtils (0.13.1)

-> Installing EXLocation (17.0.1)

-> Installing EXManifests (0.14.3)

-> Installing EXSplashScreen (0.27.7)

-> Installing EXUpdatesInterface (0.16.2)

-> Installing Expo (51.0.39)

-> Installing ExpoAsset (10.0.10)

-> Installing ExpoFileSystem (17.0.1)

-> Installing ExpoFont (12.0.10)

-> Installing ExpoKeepAwake (13.0.2)

-> Installing ExpoLinearGradient (13.0.2)

-> Installing ExpoModulesCore (1.12.26)

-> Installing ExpoSpeech (12.0.2)

-> Installing FBLazyVector (0.74.5)

-> Installing RCT-Folly (2024.01.01.00)
  > Copying RCT-Folly from `/Users/neerajvp/Library/Caches/CocoaPods/Pods/External/RCT-Folly/fb007a32beb5800dda3e0c60ac4cde2f-5dc73` to `Pods/RCT-Folly`

-> Installing RCTDeprecation (0.74.5)

-> Installing RCTRequired (0.74.5)

-> Installing RCTTypeSafety (0.74.5)

-> Installing RNCAsyncStorage (1.23.1)

-> Installing RNGestureHandler (2.16.2)

-> Installing RNScreens (3.31.1)

-> Installing RNVectorIcons (9.2.0)

-> Installing React (0.74.5)

-> Installing React-Codegen (0.74.5)

-> Installing React-Core (0.74.5)

-> Installing React-CoreModules (0.74.5)

-> Installing React-Fabric (0.74.5)

-> Installing React-FabricImage (0.74.5)

-> Installing React-ImageManager (0.74.5)

-> Installing React-Mapbuffer (0.74.5)

-> Installing React-NativeModulesApple (0.74.5)

-> Installing React-RCTActionSheet (0.74.5)

-> Installing React-RCTAnimation (0.74.5)

-> Installing React-RCTAppDelegate (0.74.5)

-> Installing React-RCTBlob (0.74.5)

-> Installing React-RCTFabric (0.74.5)

-> Installing React-RCTImage (0.74.5)

-> Installing React-RCTLinking (0.74.5)

-> Installing React-RCTNetwork (0.74.5)

-> Installing React-RCTSettings (0.74.5)

-> Installing React-RCTText (0.74.5)

-> Installing React-RCTVibration (0.74.5)

-> Installing React-RuntimeApple (0.74.5)

-> Installing React-RuntimeCore (0.74.5)

-> Installing React-callinvoker (0.74.5)

-> Installing React-cxxreact (0.74.5)

-> Installing React-debug (0.74.5)

-> Installing React-featureflags (0.74.5)

-> Installing React-graphics (0.74.5)

-> Installing React-jsc (0.74.5)

-> Installing React-jserrorhandler (0.74.5)

-> Installing React-jsi (0.74.5)

-> Installing React-jsiexecutor (0.74.5)

-> Installing React-jsinspector (0.74.5)

-> Installing React-jsitracing (0.74.5)

-> Installing React-logger (0.74.5)

-> Installing React-nativeconfig (0.74.5)

-> Installing React-perflogger (0.74.5)

-> Installing React-rendererdebug (0.74.5)

-> Installing React-rncore (0.74.5)

-> Installing React-runtimeexecutor (0.74.5)

-> Installing React-runtimescheduler (0.74.5)

-> Installing React-utils (0.74.5)

-> Installing ReactCommon (0.74.5)

-> Installing SocketRocket (0.7.0)
  > Copying SocketRocket from `/Users/neerajvp/Library/Caches/CocoaPods/Pods/Release/SocketRocket/0.7.0-abac6` to `Pods/SocketRocket`

-> Installing WebRTC-SDK (137.7151.09)
  > Copying WebRTC-SDK from `/Users/neerajvp/Library/Caches/CocoaPods/Pods/Release/WebRTC-SDK/137.7151.09-63428` to `Pods/WebRTC-SDK`

-> Installing Yoga (0.0.0)

-> Installing boost (1.83.0)
  > Copying boost from `/Users/neerajvp/Library/Caches/CocoaPods/Pods/External/boost/ccefc9f25244efe667f81fc45e29559a-d3f49` to `Pods/boost`

-> Installing expo-dev-client (4.0.29)

-> Installing expo-dev-launcher (4.0.29)

-> Installing expo-dev-menu (5.0.23)

-> Installing expo-dev-menu-interface (1.8.4)

-> Installing fmt (9.1.0)
  > Copying fmt from `/Users/neerajvp/Library/Caches/CocoaPods/Pods/External/fmt/ea07d964aedddd7b6ece7a21b75ee9ed-4c274` to `Pods/fmt`

-> Installing glog (0.3.5)
  > Copying glog from `/Users/neerajvp/Library/Caches/CocoaPods/Pods/External/glog/2263bd123499e5b93b5efe24871be317-fdfdf` to `Pods/glog`

-> Installing livekit-react-native-webrtc (137.0.3)

-> Installing react-native-safe-area-context (4.10.5)
  - Running pre install hooks
  - Running pre integrate hooks

Generating Pods project
  - Creating Pods project
  - Installing files into Pods project
    - Adding source files
    - Adding frameworks
    - Adding libraries
    - Adding resources
    - Adding development pod helper files
    - Linking headers
  - Installing Pod Targets
    - Installing target `DoubleConversion` iOS 13.4
      - Generating module map file at `Pods/Target Support Files/DoubleConversion/DoubleConversion.modulemap`
      - Generating umbrella header at `Pods/Target Support Files/DoubleConversion/DoubleConversion-umbrella.h`
      - Generating dummy source at `Pods/Target Support Files/DoubleConversion/DoubleConversion-dummy.m`
    - Installing target `EXAV` iOS 13.4
      - Generating module map file at `Pods/Target Support Files/EXAV/EXAV.modulemap`
      - Generating umbrella header at `Pods/Target Support Files/EXAV/EXAV-umbrella.h`
      - Generating dummy source at `Pods/Target Support Files/EXAV/EXAV-dummy.m`
    - Installing target `EXConstants` iOS 13.4
      - Generating Info.plist file at `Pods/Target Support Files/EXConstants/ResourceBundle-EXConstants-EXConstants-Info.plist`
      - Generating Info.plist file at `Pods/Target Support Files/EXConstants/ResourceBundle-ExpoConstants_privacy-EXConstants-Info.plist`
      - Generating module map file at `Pods/Target Support Files/EXConstants/EXConstants.modulemap`
      - Generating umbrella header at `Pods/Target Support Files/EXConstants/EXConstants-umbrella.h`
      - Generating dummy source at `Pods/Target Support Files/EXConstants/EXConstants-dummy.m`
    - Installing target `EXJSONUtils` iOS 13.4
      - Generating module map file at `Pods/Target Support Files/EXJSONUtils/EXJSONUtils.modulemap`
      - Generating umbrella header at `Pods/Target Support Files/EXJSONUtils/EXJSONUtils-umbrella.h`
      - Generating dummy source at `Pods/Target Support Files/EXJSONUtils/EXJSONUtils-dummy.m`
    - Installing target `EXLocation` iOS 13.4
      - Generating dummy source at `Pods/Target Support Files/EXLocation/EXLocation-dummy.m`
    - Installing target `EXManifests` iOS 13.4
      - Generating module map file at `Pods/Target Support Files/EXManifests/EXManifests.modulemap`
      - Generating umbrella header at `Pods/Target Support Files/EXManifests/EXManifests-umbrella.h`
      - Generating dummy source at `Pods/Target Support Files/EXManifests/EXManifests-dummy.m`
    - Installing target `EXSplashScreen` iOS 13.4
      - Generating dummy source at `Pods/Target Support Files/EXSplashScreen/EXSplashScreen-dummy.m`
    - Installing target `EXUpdatesInterface` iOS 13.4
      - Generating module map file at `Pods/Target Support Files/EXUpdatesInterface/EXUpdatesInterface.modulemap`
      - Generating umbrella header at `Pods/Target Support Files/EXUpdatesInterface/EXUpdatesInterface-umbrella.h`
      - Generating dummy source at `Pods/Target Support Files/EXUpdatesInterface/EXUpdatesInterface-dummy.m`
    - Installing target `Expo` iOS 13.4
      - Generating dummy source at `Pods/Target Support Files/Expo/Expo-dummy.m`
    - Installing target `ExpoAsset` iOS 13.4
      - Generating module map file at `Pods/Target Support Files/ExpoAsset/ExpoAsset.modulemap`
      - Generating umbrella header at `Pods/Target Support Files/ExpoAsset/ExpoAsset-umbrella.h`
      - Generating dummy source at `Pods/Target Support Files/ExpoAsset/ExpoAsset-dummy.m`
    - Installing target `ExpoFileSystem` iOS 13.4
      - Generating Info.plist file at `Pods/Target Support Files/ExpoFileSystem/ResourceBundle-ExpoFileSystem_privacy-ExpoFileSystem-Info.plist`
      - Generating module map file at `Pods/Target Support Files/ExpoFileSystem/ExpoFileSystem.modulemap`
      - Generating umbrella header at `Pods/Target Support Files/ExpoFileSystem/ExpoFileSystem-umbrella.h`
      - Generating dummy source at `Pods/Target Support Files/ExpoFileSystem/ExpoFileSystem-dummy.m`
    - Installing target `ExpoFont` iOS 13.4
      - Generating module map file at `Pods/Target Support Files/ExpoFont/ExpoFont.modulemap`
      - Generating umbrella header at `Pods/Target Support Files/ExpoFont/ExpoFont-umbrella.h`
      - Generating dummy source at `Pods/Target Support Files/ExpoFont/ExpoFont-dummy.m`
    - Installing target `ExpoKeepAwake` iOS 13.4
      - Generating module map file at `Pods/Target Support Files/ExpoKeepAwake/ExpoKeepAwake.modulemap`
      - Generating umbrella header at `Pods/Target Support Files/ExpoKeepAwake/ExpoKeepAwake-umbrella.h`
      - Generating dummy source at `Pods/Target Support Files/ExpoKeepAwake/ExpoKeepAwake-dummy.m`
    - Installing target `ExpoLinearGradient` iOS 13.4
      - Generating module map file at `Pods/Target Support Files/ExpoLinearGradient/ExpoLinearGradient.modulemap`
      - Generating umbrella header at `Pods/Target Support Files/ExpoLinearGradient/ExpoLinearGradient-umbrella.h`
      - Generating dummy source at `Pods/Target Support Files/ExpoLinearGradient/ExpoLinearGradient-dummy.m`
    - Installing target `ExpoModulesCore` iOS 13.4
      - Generating module map file at `Pods/Target Support Files/ExpoModulesCore/ExpoModulesCore.modulemap`
      - Generating umbrella header at `Pods/Target Support Files/ExpoModulesCore/ExpoModulesCore-umbrella.h`
      - Generating dummy source at `Pods/Target Support Files/ExpoModulesCore/ExpoModulesCore-dummy.m`
    - Installing target `ExpoSpeech` iOS 13.4
      - Generating module map file at `Pods/Target Support Files/ExpoSpeech/ExpoSpeech.modulemap`
      - Generating umbrella header at `Pods/Target Support Files/ExpoSpeech/ExpoSpeech-umbrella.h`
      - Generating dummy source at `Pods/Target Support Files/ExpoSpeech/ExpoSpeech-dummy.m`
    - Installing target `FBLazyVector` iOS 13.4
    - Installing target `RCT-Folly` iOS 13.4
      - Generating module map file at `Pods/Target Support Files/RCT-Folly/RCT-Folly.modulemap`
      - Generating umbrella header at `Pods/Target Support Files/RCT-Folly/RCT-Folly-umbrella.h`
      - Generating dummy source at `Pods/Target Support Files/RCT-Folly/RCT-Folly-dummy.m`
    - Installing target `RCTDeprecation` iOS 4.3
      - Generating module map file at `Pods/Target Support Files/RCTDeprecation/RCTDeprecation.modulemap`
      - Generating umbrella header at `Pods/Target Support Files/RCTDeprecation/RCTDeprecation-umbrella.h`
      - Generating dummy source at `Pods/Target Support Files/RCTDeprecation/RCTDeprecation-dummy.m`
    - Installing target `RCTRequired` iOS 13.4
    - Installing target `RCTTypeSafety` iOS 13.4
      - Generating module map file at `Pods/Target Support Files/RCTTypeSafety/RCTTypeSafety.modulemap`
      - Generating umbrella header at `Pods/Target Support Files/RCTTypeSafety/RCTTypeSafety-umbrella.h`
      - Generating dummy source at `Pods/Target Support Files/RCTTypeSafety/RCTTypeSafety-dummy.m`
    - Installing target `RNCAsyncStorage` iOS 9.0
      - Generating Info.plist file at `Pods/Target Support Files/RNCAsyncStorage/ResourceBundle-RNCAsyncStorage_resources-RNCAsyncStorage-Info.plist`
      - Generating dummy source at `Pods/Target Support Files/RNCAsyncStorage/RNCAsyncStorage-dummy.m`
    - Installing target `RNGestureHandler` iOS 11.0
      - Generating dummy source at `Pods/Target Support Files/RNGestureHandler/RNGestureHandler-dummy.m`
    - Installing target `RNScreens` iOS 9.0
      - Generating dummy source at `Pods/Target Support Files/RNScreens/RNScreens-dummy.m`
    - Installing target `RNVectorIcons` iOS 9.0
      - Generating dummy source at `Pods/Target Support Files/RNVectorIcons/RNVectorIcons-dummy.m`
    - Installing target `React` iOS 13.4
    - Installing target `React-Codegen` iOS 13.4
      - Generating module map file at `Pods/Target Support Files/React-Codegen/React-Codegen.modulemap`
      - Generating umbrella header at `Pods/Target Support Files/React-Codegen/React-Codegen-umbrella.h`
      - Generating dummy source at `Pods/Target Support Files/React-Codegen/React-Codegen-dummy.m`
    - Installing target `React-Core` iOS 13.4
      - Generating Info.plist file at `Pods/Target Support Files/React-Core/ResourceBundle-RCTI18nStrings-React-Core-Info.plist`
      - Generating module map file at `Pods/Target Support Files/React-Core/React-Core.modulemap`
      - Generating umbrella header at `Pods/Target Support Files/React-Core/React-Core-umbrella.h`
      - Generating dummy source at `Pods/Target Support Files/React-Core/React-Core-dummy.m`
    - Installing target `React-CoreModules` iOS 13.4
      - Generating dummy source at `Pods/Target Support Files/React-CoreModules/React-CoreModules-dummy.m`
    - Installing target `React-Fabric` iOS 13.4
      - Generating module map file at `Pods/Target Support Files/React-Fabric/React-Fabric.modulemap`
      - Generating umbrella header at `Pods/Target Support Files/React-Fabric/React-Fabric-umbrella.h`
      - Generating dummy source at `Pods/Target Support Files/React-Fabric/React-Fabric-dummy.m`
    - Installing target `React-FabricImage` iOS 13.4
      - Generating dummy source at `Pods/Target Support Files/React-FabricImage/React-FabricImage-dummy.m`
    - Installing target `React-ImageManager` iOS 13.4
      - Generating module map file at `Pods/Target Support Files/React-ImageManager/React-ImageManager.modulemap`
      - Generating umbrella header at `Pods/Target Support Files/React-ImageManager/React-ImageManager-umbrella.h`
      - Generating dummy source at `Pods/Target Support Files/React-ImageManager/React-ImageManager-dummy.m`
    - Installing target `React-Mapbuffer` iOS 13.4
      - Generating dummy source at `Pods/Target Support Files/React-Mapbuffer/React-Mapbuffer-dummy.m`
    - Installing target `React-NativeModulesApple` iOS 13.4